Archive member included because of file (symbol)

c:/program files (x86)/microchip/xc32/v2.30/bin/bin/../../lib/gcc/pic32mx/4.8.3/../../../../pic32mx/lib\libmchp_peripheral.a(read_core_timer_lib.o)
                              build/default/production/tft_master.o (ReadCoreTimer)
c:/program files (x86)/microchip/xc32/v2.30/bin/bin/../../lib/gcc/pic32mx/4.8.3/../../../../pic32mx/lib\libmchp_peripheral.a(write_core_timer_lib.o)
                              build/default/production/tft_master.o (WriteCoreTimer)
c:/program files (x86)/microchip/xc32/v2.30/bin/bin/../../lib/gcc/pic32mx/4.8.3/../../../../pic32mx/lib\libmchp_peripheral_32MX250F128B.a(int_disable_interrupts_lib.o)
                              build/default/production/tft_display.o (INTDisableInterrupts)
c:/program files (x86)/microchip/xc32/v2.30/bin/bin/../../lib/gcc/pic32mx/4.8.3/../../../../pic32mx/lib\libmchp_peripheral_32MX250F128B.a(int_restore_interrupts_lib.o)
                              build/default/production/tft_display.o (INTRestoreInterrupts)
c:/program files (x86)/microchip/xc32/v2.30/bin/bin/../../lib/gcc/pic32mx/4.8.3/../../../../pic32mx/lib\libmchp_peripheral_32MX250F128B.a(int_enable_mv_int_lib.o)
                              build/default/production/main.o (INTEnableSystemMultiVectoredInt)
c:/program files (x86)/microchip/xc32/v2.30/bin/bin/../../lib/gcc/pic32mx/4.8.3/../../../../pic32mx/lib\libmchp_peripheral_32MX250F128B.a(int_tbl_lib.o)
                              build/default/production/inputCapture.o (INTClearFlag)
c:/program files (x86)/microchip/xc32/v2.30/bin/bin/../../lib/gcc/pic32mx/4.8.3/../../../../pic32mx/lib\libmchp_peripheral_32MX250F128B.a(spi_chn_open_lib.o)
                              build/default/production/tft_master.o (SpiChnOpen)
c:/program files (x86)/microchip/xc32/v2.30/bin/bin/../../lib/gcc/pic32mx/4.8.3/../../../../pic32mx/lib\libmchp_peripheral_32MX250F128B.a(spi_map_tbl_libp.o)
                              c:/program files (x86)/microchip/xc32/v2.30/bin/bin/../../lib/gcc/pic32mx/4.8.3/../../../../pic32mx/lib\libmchp_peripheral_32MX250F128B.a(spi_chn_open_lib.o) (_SpiMapTbl)
c:/program files (x86)/microchip/xc32/v2.30/bin/bin/../../lib/gcc/pic32mx/4.8.3/../../../../pic32mx/lib\libmchp_peripheral_32MX250F128B.a(int_enable_interrupts_lib.o)
                              c:/program files (x86)/microchip/xc32/v2.30/bin/bin/../../lib/gcc/pic32mx/4.8.3/../../../../pic32mx/lib\libmchp_peripheral_32MX250F128B.a(int_enable_mv_int_lib.o) (INTEnableInterrupts)
c:/program files (x86)/microchip/xc32/v2.30/bin/bin/../../lib/gcc/pic32mx/4.8.3/../../../../pic32mx/lib\libpic32.a(memset.o)
                              build/default/production/uart1.o (memset)
c:/program files (x86)/microchip/xc32/v2.30/bin/bin/../../lib/gcc/pic32mx/4.8.3/../../../../pic32mx/lib\libpic32.a(strlen.o)
                              build/default/production/uart1.o (strlen)
c:/program files (x86)/microchip/xc32/v2.30/bin/bin/../../lib/gcc/pic32mx/4.8.3/../../../../pic32mx/lib\libpic32.a(default-bootstrap-exception-handler.o)
                              C:\Users\millerek\AppData\Local\Temp\ccSWEGmb.o (_bootstrap_exception_handler)
c:/program files (x86)/microchip/xc32/v2.30/bin/bin/../../lib/gcc/pic32mx/4.8.3/../../../../pic32mx/lib\libpic32.a(default-on-reset.o)
                              C:\Users\millerek\AppData\Local\Temp\ccSWEGmb.o (_on_reset)
c:/program files (x86)/microchip/xc32/v2.30/bin/bin/../../lib/gcc/pic32mx/4.8.3/../../../../pic32mx/lib\libpic32.a(default-on-bootstrap.o)
                              C:\Users\millerek\AppData\Local\Temp\ccSWEGmb.o (_on_bootstrap)
c:/program files (x86)/microchip/xc32/v2.30/bin/bin/../../lib/gcc/pic32mx/4.8.3/../../../../pic32mx/lib\libpic32.a(default-nmi-handler.o)
                              C:\Users\millerek\AppData\Local\Temp\ccSWEGmb.o (_nmi_handler)
c:/program files (x86)/microchip/xc32/v2.30/bin/bin/../../lib/gcc/pic32mx/4.8.3/../../../../pic32mx/lib\libpic32.a(pic32_data_init.o)
                              C:\Users\millerek\AppData\Local\Temp\ccSWEGmb.o (__pic32_data_init)
c:/program files (x86)/microchip/xc32/v2.30/bin/bin/../../lib/gcc/pic32mx/4.8.3/../../../../pic32mx/lib\libpic32.a(general-exception.o)
                              C:\Users\millerek\AppData\Local\Temp\ccSWEGmb.o (_general_exception_context)
c:/program files (x86)/microchip/xc32/v2.30/bin/bin/../../lib/gcc/pic32mx/4.8.3/../../../../pic32mx/lib\libpic32.a(vector0.o)
                              C:\Users\millerek\AppData\Local\Temp\cc1m3mV8.o (__vector_dispatch_0)
c:/program files (x86)/microchip/xc32/v2.30/bin/bin/../../lib/gcc/pic32mx/4.8.3/../../../../pic32mx/lib\libpic32.a(vector1.o)
                              C:\Users\millerek\AppData\Local\Temp\cc1m3mV8.o (__vector_dispatch_1)
c:/program files (x86)/microchip/xc32/v2.30/bin/bin/../../lib/gcc/pic32mx/4.8.3/../../../../pic32mx/lib\libpic32.a(vector2.o)
[...]
Memory Configuration

Name             Origin             Length             Attributes
kseg0_program_mem 0x9d000000         0x0001f000         xr
exception_mem    0x9d01f000         0x00001000
debug_exec_mem   0x9fc00490         0x00000760
kseg0_boot_mem   0x9fc00490         0x00000000
kseg1_boot_mem   0xbfc00000         0x00000490
config3          0xbfc00bf0         0x00000004
config2          0xbfc00bf4         0x00000004
config1          0xbfc00bf8         0x00000004
config0          0xbfc00bfc         0x00000004
kseg1_data_mem   0xa0000000         0x00008000         w !x
sfrs             0xbf800000         0x00100000
configsfrs       0xbfc00bf0         0x00000010
*default*        0x00000000         0xffffffff

Linker script and memory map

LOAD c:/program files (x86)/microchip/xc32/v2.30/bin/bin/../../lib/gcc/pic32mx/4.8.3/../../../../pic32mx/lib\debug-exception-return.o
LOAD build/default/production/main.o
LOAD build/default/production/inputCapture.o
LOAD build/default/production/uart1.o
LOAD build/default/production/PID.o
LOAD build/default/production/tft_display.o
LOAD build/default/production/outputCompare.o
LOAD build/default/production/tft_gfx.o
LOAD build/default/production/tft_master.o
LOAD build/default/production/TouchScreen.o
LOAD build/default/production/adc_intf.o
LOAD build/default/production/glcdfont.o
LOAD build/default/production/zTimer4.o
                0x00000001                __MPLAB_BUILD = 0x1
                0x00000000                _min_heap_size = 0x0
LOAD C:\Users\millerek\AppData\Local\Temp\ccSWEGmb.o
LOAD C:\Users\millerek\AppData\Local\Temp\ccGFvUT7.o
LOAD C:\Users\millerek\AppData\Local\Temp\cc1m3mV8.o
LOAD c:/program files (x86)/microchip/xc32/v2.30/bin/bin/../../lib/gcc/pic32mx/4.8.3/../../../../pic32mx/lib/./proc/32MX250F128B\default_isr_vectors.o
LOAD c:/program files (x86)/microchip/xc32/v2.30/bin/bin/../../lib/gcc/pic32mx/4.8.3/../../../../pic32mx/lib\pic32_software_reset.o
                0x00000400                PROVIDE (_min_stack_size, 0x400)
START GROUP
LOAD c:/program files (x86)/microchip/xc32/v2.30/bin/bin/../../lib/gcc/pic32mx/4.8.3/../../../../pic32mx/lib/./proc/32MX250F128B\processor.o
END GROUP
START GROUP
LOAD c:/program files (x86)/microchip/xc32/v2.30/bin/bin/../../lib/gcc/pic32mx/4.8.3/../../../../pic32mx/lib\libmchp_peripheral.a
END GROUP
START GROUP
LOAD c:/program files (x86)/microchip/xc32/v2.30/bin/bin/../../lib/gcc/pic32mx/4.8.3/../../../../pic32mx/lib\libmchp_peripheral_32MX250F128B.a
END GROUP
                0x00000001                PROVIDE (_vector_spacing, 0x1)
                0x9d01f000                PROVIDE (_ebase_address, 0x9d01f000)
                0xbfc00000                _RESET_ADDR = 0xbfc00000
                0xbfc00380                _BEV_EXCPT_ADDR = 0xbfc00380
                0xbfc00480                _DBG_EXCPT_ADDR = 0xbfc00480
                0x9fc00490                _DBG_CODE_ADDR = 0x9fc00490
                0x00000760                _DBG_CODE_SIZE = 0x760
                0x9d01f180                _GEN_EXCPT_ADDR = (_ebase_address + 0x180)

.config_BFC00BF0
 *(.config_BFC00BF0)

.config_BFC00BF4
                0xbfc00bf4        0x4
 *(.config_BFC00BF4)
 .config_BFC00BF4
                0xbfc00bf4        0x4 build/default/production/main.o

.config_BFC00BF8
                0xbfc00bf8        0x4
 *(.config_BFC00BF8)
 .config_BFC00BF8
                0xbfc00bf8        0x4 build/default/production/main.o

.config_BFC00BFC
                0xbfc00bfc        0x4
 *(.config_BFC00BFC)
 .config_BFC00BFC
                0xbfc00bfc        0x4 build/default/production/main.o
                0xbfc02000                PROVIDE (_DBG_CODE_ADDR, 0xbfc02000)
                0x00000ff0                PROVIDE (_DBG_CODE_SIZE, 0xff0)

.reset          0xbfc00000      0x178
 *(.reset)
 .reset         0xbfc00000        0x8 C:\Users\millerek\AppData\Local\Temp\ccSWEGmb.o
                0xbfc00000                _reset
 *(.reset.startup)
 .reset.startup
                0xbfc00008      0x170 C:\Users\millerek\AppData\Local\Temp\ccSWEGmb.o
                0xbfc00008                _startup

.bev_excpt      0xbfc00380       0x10
 *(.bev_handler)
 .bev_handler   0xbfc00380       0x10 C:\Users\millerek\AppData\Local\Temp\ccSWEGmb.o

.dbg_excpt      0xbfc00480        0x0
                0xbfc00480                . = (. + DEFINED (_DEBUGGER)?0x8:0x0)

.dbg_code       0x9fc00490        0x0
                0x9fc00490                . = (. + DEFINED (_DEBUGGER)?_DBG_CODE_SIZE:0x0)

.app_excpt      0x9d01f180       0x10
 *(.gen_handler)
 .gen_handler   0x9d01f180       0x10 C:\Users\millerek\AppData\Local\Temp\ccSWEGmb.o

.vector_0       0x9d01f200        0x8
 *(.vector_0)
 .vector_0      0x9d01f200        0x8 c:/program files (x86)/microchip/xc32/v2.30/bin/bin/../../lib/gcc/pic32mx/4.8.3/../../../../pic32mx/lib\libpic32.a(vector0.o)
                0x9d01f200                __vector_dispatch_0
                0x00000001                ASSERT (((_vector_spacing == 0x0) || (SIZEOF (.vector_0) <= (_vector_spacing << 0x5))), function at exception vector 0 too large)

.vector_1       0x9d01f220        0x8
 *(.vector_1)
 .vector_1      0x9d01f220        0x8 c:/program files (x86)/microchip/xc32/v2.30/bin/bin/../../lib/gcc/pic32mx/4.8.3/../../../../pic32mx/lib\libpic32.a(vector1.o)
                0x9d01f220                __vector_dispatch_1
                0x00000001                ASSERT (((_vector_spacing == 0x0) || (SIZEOF (.vector_1) <= (_vector_spacing << 0x5))), function at exception vector 1 too large)

.vector_2       0x9d01f240        0x8
 *(.vector_2)
 .vector_2      0x9d01f240        0x8 c:/program files (x86)/microchip/xc32/v2.30/bin/bin/../../lib/gcc/pic32mx/4.8.3/../../../../pic32mx/lib\libpic32.a(vector2.o)
                0x9d01f240                __vector_dispatch_2
                0x00000001                ASSERT (((_vector_spacing == 0x0) || (SIZEOF (.vector_2) <= (_vector_spacing << 0x5))), function at exception vector 2 too large)

.vector_3       0x9d01f260        0x8
 *(.vector_3)
 .vector_3      0x9d01f260        0x8 c:/program files (x86)/microchip/xc32/v2.30/bin/bin/../../lib/gcc/pic32mx/4.8.3/../../../../pic32mx/lib\libpic32.a(vector3.o)
                0x9d01f260                __vector_dispatch_3
                0x00000001                ASSERT (((_vector_spacing == 0x0) || (SIZEOF (.vector_3) <= (_vector_spacing << 0x5))), function at exception vector 3 too large)

.vector_4       0x9d01f280        0x8
 *(.vector_4)
 .vector_4      0x9d01f280        0x8 c:/program files (x86)/microchip/xc32/v2.30/bin/bin/../../lib/gcc/pic32mx/4.8.3/../../../../pic32mx/lib\libpic32.a(vector4.o)
                0x9d01f280                __vector_dispatch_4
                0x00000001                ASSERT (((_vector_spacing == 0x0) || (SIZEOF (.vector_4) <= (_vector_spacing << 0x5))), function at exception vector 4 too large)

.vector_5       0x9d01f2a0        0x8
 *(.vector_5)
 .vector_5      0x9d01f2a0        0x8 build/default/production/inputCapture.o
                0x9d01f2a0                __vector_dispatch_5
                0x00000001                ASSERT (((_vector_spacing == 0x0) || (SIZEOF (.vector_5) <= (_vector_spacing << 0x5))), function at exception vector 5 too large)

.vector_6       0x9d01f2c0        0x8
 *(.vector_6)
 .vector_6      0x9d01f2c0        0x8 c:/program files (x86)/microchip/xc32/v2.30/bin/bin/../../lib/gcc/pic32mx/4.8.3/../../../../pic32mx/lib\libpic32.a(vector6.o)
                0x9d01f2c0                __vector_dispatch_6
                0x00000001                ASSERT (((_vector_spacing == 0x0) || (SIZEOF (.vector_6) <= (_vector_spacing << 0x5))), function at exception vector 6 too large)

.vector_7       0x9d01f2e0        0x8
 *(.vector_7)
 .vector_7      0x9d01f2e0        0x8 c:/program files (x86)/microchip/xc32/v2.30/bin/bin/../../lib/gcc/pic32mx/4.8.3/../../../../pic32mx/lib\libpic32.a(vector7.o)
                0x9d01f2e0                __vector_dispatch_7
                0x00000001                ASSERT (((_vector_spacing == 0x0) || (SIZEOF (.vector_7) <= (_vector_spacing << 0x5))), function at exception vector 7 too large)

.vector_8       0x9d01f300        0x8
 *(.vector_8)
 .vector_8      0x9d01f300        0x8 c:/program files (x86)/microchip/xc32/v2.30/bin/bin/../../lib/gcc/pic32mx/4.8.3/../../../../pic32mx/lib\libpic32.a(vector8.o)
                0x9d01f300                __vector_dispatch_8
                0x00000001                ASSERT (((_vector_spacing == 0x0) || (SIZEOF (.vector_8) <= (_vector_spacing << 0x5))), function at exception vector 8 too large)

.vector_9       0x9d01f320        0x8
 *(.vector_9)
 .vector_9      0x9d01f320        0x8 c:/program files (x86)/microchip/xc32/v2.30/bin/bin/../../lib/gcc/pic32mx/4.8.3/../../../../pic32mx/lib\libpic32.a(vector9.o)
                0x9d01f320                __vector_dispatch_9
                0x00000001                ASSERT (((_vector_spacing == 0x0) || (SIZEOF (.vector_9) <= (_vector_spacing << 0x5))), function at exception vector 9 too large)

.vector_10      0x9d01f340        0x8
 *(.vector_10)
 .vector_10     0x9d01f340        0x8 c:/program files (x86)/microchip/xc32/v2.30/bin/bin/../../lib/gcc/pic32mx/4.8.3/../../../../pic32mx/lib\libpic32.a(vector10.o)
                0x9d01f340                __vector_dispatch_10
                0x00000001                ASSERT (((_vector_spacing == 0x0) || (SIZEOF (.vector_10) <= (_vector_spacing << 0x5))), function at exception vector 10 too large)

.vector_11      0x9d01f360        0x8
 *(.vector_11)
 .vector_11     0x9d01f360        0x8 c:/program files (x86)/microchip/xc32/v2.30/bin/bin/../../lib/gcc/pic32mx/4.8.3/../../../../pic32mx/lib\libpic32.a(vector11.o)
                0x9d01f360                __vector_dispatch_11
                0x00000001                ASSERT (((_vector_spacing == 0x0) || (SIZEOF (.vector_11) <= (_vector_spacing << 0x5))), function at exception vector 11 too large)

.vector_12      0x9d01f380        0x8
 *(.vector_12)
 .vector_12     0x9d01f380        0x8 c:/program files (x86)/microchip/xc32/v2.30/bin/bin/../../lib/gcc/pic32mx/4.8.3/../../../../pic32mx/lib\libpic32.a(vector12.o)
                0x9d01f380                __vector_dispatch_12
                0x00000001                ASSERT (((_vector_spacing == 0x0) || (SIZEOF (.vector_12) <= (_vector_spacing << 0x5))), function at exception vector 12 too large)

.vector_13      0x9d01f3a0        0x8
 *(.vector_13)
 .vector_13     0x9d01f3a0        0x8 c:/program files (x86)/microchip/xc32/v2.30/bin/bin/../../lib/gcc/pic32mx/4.8.3/../../../../pic32mx/lib\libpic32.a(vector13.o)
                0x9d01f3a0                __vector_dispatch_13
                0x00000001                ASSERT (((_vector_spacing == 0x0) || (SIZEOF (.vector_13) <= (_vector_spacing << 0x5))), function at exception vector 13 too large)

.vector_14      0x9d01f3c0        0x8
 *(.vector_14)
 .vector_14     0x9d01f3c0        0x8 c:/program files (x86)/microchip/xc32/v2.30/bin/bin/../../lib/gcc/pic32mx/4.8.3/../../../../pic32mx/lib\libpic32.a(vector14.o)
                0x9d01f3c0                __vector_dispatch_14
                0x00000001                ASSERT (((_vector_spacing == 0x0) || (SIZEOF (.vector_14) <= (_vector_spacing << 0x5))), function at exception vector 14 too large)

.vector_15      0x9d01f3e0        0x8
 *(.vector_15)
 .vector_15     0x9d01f3e0        0x8 c:/program files (x86)/microchip/xc32/v2.30/bin/bin/../../lib/gcc/pic32mx/4.8.3/../../../../pic32mx/lib\libpic32.a(vector15.o)
                0x9d01f3e0                __vector_dispatch_15
                0x00000001                ASSERT (((_vector_spacing == 0x0) || (SIZEOF (.vector_15) <= (_vector_spacing << 0x5))), function at exception vector 15 too large)

.vector_16      0x9d01f400        0x8
 *(.vector_16)
 .vector_16     0x9d01f400        0x8 build/default/production/zTimer4.o
                0x9d01f400                __vector_dispatch_16
                0x00000001                ASSERT (((_vector_spacing == 0x0) || (SIZEOF (.vector_16) <= (_vector_spacing << 0x5))), function at exception vector 16 too large)

.vector_17      0x9d01f420        0x8
 *(.vector_17)
 .vector_17     0x9d01f420        0x8 c:/program files (x86)/microchip/xc32/v2.30/bin/bin/../../lib/gcc/pic32mx/4.8.3/../../../../pic32mx/lib\libpic32.a(vector17.o)
                0x9d01f420                __vector_dispatch_17
                0x00000001                ASSERT (((_vector_spacing == 0x0) || (SIZEOF (.vector_17) <= (_vector_spacing << 0x5))), function at exception vector 17 too large)

.vector_18      0x9d01f440        0x8
 *(.vector_18)
 .vector_18     0x9d01f440        0x8 c:/program files (x86)/microchip/xc32/v2.30/bin/bin/../../lib/gcc/pic32mx/4.8.3/../../../../pic32mx/lib\libpic32.a(vector18.o)
                0x9d01f440                __vector_dispatch_18
                0x00000001                ASSERT (((_vector_spacing == 0x0) || (SIZEOF (.vector_18) <= (_vector_spacing << 0x5))), function at exception vector 18 too large)

.vector_19      0x9d01f460        0x8
 *(.vector_19)
 .vector_19     0x9d01f460        0x8 c:/program files (x86)/microchip/xc32/v2.30/bin/bin/../../lib/gcc/pic32mx/4.8.3/../../../../pic32mx/lib\libpic32.a(vector19.o)
                0x9d01f460                __vector_dispatch_19
                0x00000001                ASSERT (((_vector_spacing == 0x0) || (SIZEOF (.vector_19) <= (_vector_spacing << 0x5))), function at exception vector 19 too large)

.vector_20      0x9d01f480        0x8
 *(.vector_20)
 .vector_20     0x9d01f480        0x8 c:/program files (x86)/microchip/xc32/v2.30/bin/bin/../../lib/gcc/pic32mx/4.8.3/../../../../pic32mx/lib\libpic32.a(vector20.o)
                0x9d01f480                __vector_dispatch_20
                0x00000001                ASSERT (((_vector_spacing == 0x0) || (SIZEOF (.vector_20) <= (_vector_spacing << 0x5))), function at exception vector 20 too large)

.vector_21      0x9d01f4a0        0x8
 *(.vector_21)
 .vector_21     0x9d01f4a0        0x8 c:/program files (x86)/microchip/xc32/v2.30/bin/bin/../../lib/gcc/pic32mx/4.8.3/../../../../pic32mx/lib\libpic32.a(vector21.o)
                0x9d01f4a0                __vector_dispatch_21
                0x00000001                ASSERT (((_vector_spacing == 0x0) || (SIZEOF (.vector_21) <= (_vector_spacing << 0x5))), function at exception vector 21 too large)

.vector_22      0x9d01f4c0        0x8
 *(.vector_22)
 .vector_22     0x9d01f4c0        0x8 c:/program files (x86)/microchip/xc32/v2.30/bin/bin/../../lib/gcc/pic32mx/4.8.3/../../../../pic32mx/lib\libpic32.a(vector22.o)
                0x9d01f4c0                __vector_dispatch_22
                0x00000001                ASSERT (((_vector_spacing == 0x0) || (SIZEOF (.vector_22) <= (_vector_spacing << 0x5))), function at exception vector 22 too large)

.vector_23      0x9d01f4e0        0x8
 *(.vector_23)
 .vector_23     0x9d01f4e0        0x8 c:/program files (x86)/microchip/xc32/v2.30/bin/bin/../../lib/gcc/pic32mx/4.8.3/../../../../pic32mx/lib\libpic32.a(vector23.o)
                0x9d01f4e0                __vector_dispatch_23
                0x00000001                ASSERT (((_vector_spacing == 0x0) || (SIZEOF (.vector_23) <= (_vector_spacing << 0x5))), function at exception vector 23 too large)

.vector_24      0x9d01f500        0x8
 *(.vector_24)
 .vector_24     0x9d01f500        0x8 c:/program files (x86)/microchip/xc32/v2.30/bin/bin/../../lib/gcc/pic32mx/4.8.3/../../../../pic32mx/lib\libpic32.a(vector24.o)
                0x9d01f500                __vector_dispatch_24
                0x00000001                ASSERT (((_vector_spacing == 0x0) || (SIZEOF (.vector_24) <= (_vector_spacing << 0x5))), function at exception vector 24 too large)

.vector_25      0x9d01f520        0x8
 *(.vector_25)
 .vector_25     0x9d01f520        0x8 c:/program files (x86)/microchip/xc32/v2.30/bin/bin/../../lib/gcc/pic32mx/4.8.3/../../../../pic32mx/lib\libpic32.a(vector25.o)
                0x9d01f520                __vector_dispatch_25
                0x00000001                ASSERT (((_vector_spacing == 0x0) || (SIZEOF (.vector_25) <= (_vector_spacing << 0x5))), function at exception vector 25 too large)

.vector_26      0x9d01f540        0x8
 *(.vector_26)
 .vector_26     0x9d01f540        0x8 c:/program files (x86)/microchip/xc32/v2.30/bin/bin/../../lib/gcc/pic32mx/4.8.3/../../../../pic32mx/lib\libpic32.a(vector26.o)
                0x9d01f540                __vector_dispatch_26
                0x00000001                ASSERT (((_vector_spacing == 0x0) || (SIZEOF (.vector_26) <= (_vector_spacing << 0x5))), function at exception vector 26 too large)

.vector_27      0x9d01f560        0x8
 *(.vector_27)
 .vector_27     0x9d01f560        0x8 c:/program files (x86)/microchip/xc32/v2.30/bin/bin/../../lib/gcc/pic32mx/4.8.3/../../../../pic32mx/lib\libpic32.a(vector27.o)
                0x9d01f560                __vector_dispatch_27
                0x00000001                ASSERT (((_vector_spacing == 0x0) || (SIZEOF (.vector_27) <= (_vector_spacing << 0x5))), function at exception vector 27 too large)

.vector_28      0x9d01f580        0x8
 *(.vector_28)
 .vector_28     0x9d01f580        0x8 c:/program files (x86)/microchip/xc32/v2.30/bin/bin/../../lib/gcc/pic32mx/4.8.3/../../../../pic32mx/lib\libpic32.a(vector28.o)
                0x9d01f580                __vector_dispatch_28
                0x00000001                ASSERT (((_vector_spacing == 0x0) || (SIZEOF (.vector_28) <= (_vector_spacing << 0x5))), function at exception vector 28 too large)

.vector_29      0x9d01f5a0        0x8
 *(.vector_29)
 .vector_29     0x9d01f5a0        0x8 c:/program files (x86)/microchip/xc32/v2.30/bin/bin/../../lib/gcc/pic32mx/4.8.3/../../../../pic32mx/lib\libpic32.a(vector29.o)
                0x9d01f5a0                __vector_dispatch_29
                0x00000001                ASSERT (((_vector_spacing == 0x0) || (SIZEOF (.vector_29) <= (_vector_spacing << 0x5))), function at exception vector 29 too large)

.vector_30      0x9d01f5c0        0x8
 *(.vector_30)
 .vector_30     0x9d01f5c0        0x8 c:/program files (x86)/microchip/xc32/v2.30/bin/bin/../../lib/gcc/pic32mx/4.8.3/../../../../pic32mx/lib\libpic32.a(vector30.o)
                0x9d01f5c0                __vector_dispatch_30
                0x00000001                ASSERT (((_vector_spacing == 0x0) || (SIZEOF (.vector_30) <= (_vector_spacing << 0x5))), function at exception vector 30 too large)

.vector_31      0x9d01f5e0        0x8
 *(.vector_31)
 .vector_31     0x9d01f5e0        0x8 c:/program files (x86)/microchip/xc32/v2.30/bin/bin/../../lib/gcc/pic32mx/4.8.3/../../../../pic32mx/lib\libpic32.a(vector31.o)
                0x9d01f5e0                __vector_dispatch_31
                0x00000001                ASSERT (((_vector_spacing == 0x0) || (SIZEOF (.vector_31) <= (_vector_spacing << 0x5))), function at exception vector 31 too large)

.vector_32      0x9d01f600        0x8
 *(.vector_32)
 .vector_32     0x9d01f600        0x8 build/default/production/uart1.o
                0x9d01f600                __vector_dispatch_32
                0x00000001                ASSERT (((_vector_spacing == 0x0) || (SIZEOF (.vector_32) <= (_vector_spacing << 0x5))), function at exception vector 32 too large)

.vector_33      0x9d01f620        0x8
 *(.vector_33)
 .vector_33     0x9d01f620        0x8 c:/program files (x86)/microchip/xc32/v2.30/bin/bin/../../lib/gcc/pic32mx/4.8.3/../../../../pic32mx/lib\libpic32.a(vector33.o)
                0x9d01f620                __vector_dispatch_33
                0x00000001                ASSERT (((_vector_spacing == 0x0) || (SIZEOF (.vector_33) <= (_vector_spacing << 0x5))), function at exception vector 33 too large)

.vector_34      0x9d01f640        0x8
 *(.vector_34)
 .vector_34     0x9d01f640        0x8 c:/program files (x86)/microchip/xc32/v2.30/bin/bin/../../lib/gcc/pic32mx/4.8.3/../../../../pic32mx/lib\libpic32.a(vector34.o)
                0x9d01f640                __vector_dispatch_34
                0x00000001                ASSERT (((_vector_spacing == 0x0) || (SIZEOF (.vector_34) <= (_vector_spacing << 0x5))), function at exception vector 34 too large)

.vector_35      0x9d01f660        0x8
 *(.vector_35)
 .vector_35     0x9d01f660        0x8 c:/program files (x86)/microchip/xc32/v2.30/bin/bin/../../lib/gcc/pic32mx/4.8.3/../../../../pic32mx/lib\libpic32.a(vector35.o)
                0x9d01f660                __vector_dispatch_35
                0x00000001                ASSERT (((_vector_spacing == 0x0) || (SIZEOF (.vector_35) <= (_vector_spacing << 0x5))), function at exception vector 35 too large)

.vector_36      0x9d01f680        0x8
 *(.vector_36)
 .vector_36     0x9d01f680        0x8 c:/program files (x86)/microchip/xc32/v2.30/bin/bin/../../lib/gcc/pic32mx/4.8.3/../../../../pic32mx/lib\libpic32.a(vector36.o)
                0x9d01f680                __vector_dispatch_36
                0x00000001                ASSERT (((_vector_spacing == 0x0) || (SIZEOF (.vector_36) <= (_vector_spacing << 0x5))), function at exception vector 36 too large)

.vector_37      0x9d01f6a0        0x8
 *(.vector_37)
 .vector_37     0x9d01f6a0        0x8 c:/program files (x86)/microchip/xc32/v2.30/bin/bin/../../lib/gcc/pic32mx/4.8.3/../../../../pic32mx/lib\libpic32.a(vector37.o)
                0x9d01f6a0                __vector_dispatch_37
                0x00000001                ASSERT (((_vector_spacing == 0x0) || (SIZEOF (.vector_37) <= (_vector_spacing << 0x5))), function at exception vector 37 too large)

.vector_38      0x9d01f6c0        0x8
 *(.vector_38)
 .vector_38     0x9d01f6c0        0x8 c:/program files (x86)/microchip/xc32/v2.30/bin/bin/../../lib/gcc/pic32mx/4.8.3/../../../../pic32mx/lib\libpic32.a(vector38.o)
                0x9d01f6c0                __vector_dispatch_38
                0x00000001                ASSERT (((_vector_spacing == 0x0) || (SIZEOF (.vector_38) <= (_vector_spacing << 0x5))), function at exception vector 38 too large)

.vector_39      0x9d01f6e0        0x8
 *(.vector_39)
 .vector_39     0x9d01f6e0        0x8 c:/program files (x86)/microchip/xc32/v2.30/bin/bin/../../lib/gcc/pic32mx/4.8.3/../../../../pic32mx/lib\libpic32.a(vector39.o)
                0x9d01f6e0                __vector_dispatch_39
                0x00000001                ASSERT (((_vector_spacing == 0x0) || (SIZEOF (.vector_39) <= (_vector_spacing << 0x5))), function at exception vector 39 too large)

.vector_40      0x9d01f700        0x8
 *(.vector_40)
 .vector_40     0x9d01f700        0x8 c:/program files (x86)/microchip/xc32/v2.30/bin/bin/../../lib/gcc/pic32mx/4.8.3/../../../../pic32mx/lib\libpic32.a(vector40.o)
                0x9d01f700                __vector_dispatch_40
                0x00000001                ASSERT (((_vector_spacing == 0x0) || (SIZEOF (.vector_40) <= (_vector_spacing << 0x5))), function at exception vector 40 too large)

.vector_41      0x9d01f720        0x8
 *(.vector_41)
 .vector_41     0x9d01f720        0x8 c:/program files (x86)/microchip/xc32/v2.30/bin/bin/../../lib/gcc/pic32mx/4.8.3/../../../../pic32mx/lib\libpic32.a(vector41.o)
                0x9d01f720                __vector_dispatch_41
                0x00000001                ASSERT (((_vector_spacing == 0x0) || (SIZEOF (.vector_41) <= (_vector_spacing << 0x5))), function at exception vector 41 too large)

.vector_42      0x9d01f740        0x8
 *(.vector_42)
 .vector_42     0x9d01f740        0x8 c:/program files (x86)/microchip/xc32/v2.30/bin/bin/../../lib/gcc/pic32mx/4.8.3/../../../../pic32mx/lib\libpic32.a(vector42.o)
                0x9d01f740                __vector_dispatch_42
                0x00000001                ASSERT (((_vector_spacing == 0x0) || (SIZEOF (.vector_42) <= (_vector_spacing << 0x5))), function at exception vector 42 too large)

.vector_43      0x9d01f760        0x8
 *(.vector_43)
 .vector_43     0x9d01f760        0x8 c:/program files (x86)/microchip/xc32/v2.30/bin/bin/../../lib/gcc/pic32mx/4.8.3/../../../../pic32mx/lib\libpic32.a(vector43.o)
                0x9d01f760                __vector_dispatch_43
                0x00000001                ASSERT (((_vector_spacing == 0x0) || (SIZEOF (.vector_43) <= (_vector_spacing << 0x5))), function at exception vector 43 too large)

.vector_44      0x9d01f780        0x0
 *(.vector_44)
                0x00000001                ASSERT (((_vector_spacing == 0x0) || (SIZEOF (.vector_44) <= (_vector_spacing << 0x5))), function at exception vector 44 too large)

.vector_45      0x9d01f7a0        0x0
 *(.vector_45)
                0x00000001                ASSERT (((_vector_spacing == 0x0) || (SIZEOF (.vector_45) <= (_vector_spacing << 0x5))), function at exception vector 45 too large)

.vector_46      0x9d01f7c0        0x0
 *(.vector_46)
                0x00000001                ASSERT (((_vector_spacing == 0x0) || (SIZEOF (.vector_46) <= (_vector_spacing << 0x5))), function at exception vector 46 too large)

.vector_47      0x9d01f7e0        0x0
 *(.vector_47)
                0x00000001                ASSERT (((_vector_spacing == 0x0) || (SIZEOF (.vector_47) <= (_vector_spacing << 0x5))), function at exception vector 47 too large)

.vector_48      0x9d01f800        0x0
 *(.vector_48)
                0x00000001                ASSERT (((_vector_spacing == 0x0) || (SIZEOF (.vector_48) <= (_vector_spacing << 0x5))), function at exception vector 48 too large)

.vector_49      0x9d01f820        0x0
 *(.vector_49)
                0x00000001                ASSERT (((_vector_spacing == 0x0) || (SIZEOF (.vector_49) <= (_vector_spacing << 0x5))), function at exception vector 49 too large)

.vector_50      0x9d01f840        0x0
 *(.vector_50)
                0x00000001                ASSERT (((_vector_spacing == 0x0) || (SIZEOF (.vector_50) <= (_vector_spacing << 0x5))), function at exception vector 50 too large)

.vector_51      0x9d01f860        0x0
 *(.vector_51)
                0x00000001                ASSERT (((_vector_spacing == 0x0) || (SIZEOF (.vector_51) <= (_vector_spacing << 0x5))), function at exception vector 51 too large)

.vector_52      0x9d01f880        0x0
 *(.vector_52)
                0x00000001                ASSERT (((_vector_spacing == 0x0) || (SIZEOF (.vector_52) <= (_vector_spacing << 0x5))), function at exception vector 52 too large)

.vector_53      0x9d01f8a0        0x0
 *(.vector_53)
                0x00000001                ASSERT (((_vector_spacing == 0x0) || (SIZEOF (.vector_53) <= (_vector_spacing << 0x5))), function at exception vector 53 too large)

.vector_54      0x9d01f8c0        0x0
 *(.vector_54)
                0x00000001                ASSERT (((_vector_spacing == 0x0) || (SIZEOF (.vector_54) <= (_vector_spacing << 0x5))), function at exception vector 54 too large)

.vector_55      0x9d01f8e0        0x0
 *(.vector_55)
                0x00000001                ASSERT (((_vector_spacing == 0x0) || (SIZEOF (.vector_55) <= (_vector_spacing << 0x5))), function at exception vector 55 too large)

.vector_56      0x9d01f900        0x0
 *(.vector_56)
                0x00000001                ASSERT (((_vector_spacing == 0x0) || (SIZEOF (.vector_56) <= (_vector_spacing << 0x5))), function at exception vector 56 too large)

.vector_57      0x9d01f920        0x0
 *(.vector_57)
                0x00000001                ASSERT (((_vector_spacing == 0x0) || (SIZEOF (.vector_57) <= (_vector_spacing << 0x5))), function at exception vector 57 too large)

.vector_58      0x9d01f940        0x0
 *(.vector_58)
                0x00000001                ASSERT (((_vector_spacing == 0x0) || (SIZEOF (.vector_58) <= (_vector_spacing << 0x5))), function at exception vector 58 too large)

.vector_59      0x9d01f960        0x0
 *(.vector_59)
                0x00000001                ASSERT (((_vector_spacing == 0x0) || (SIZEOF (.vector_59) <= (_vector_spacing << 0x5))), function at exception vector 59 too large)

.vector_60      0x9d01f980        0x0
 *(.vector_60)
                0x00000001                ASSERT (((_vector_spacing == 0x0) || (SIZEOF (.vector_60) <= (_vector_spacing << 0x5))), function at exception vector 60 too large)

.vector_61      0x9d01f9a0        0x0
 *(.vector_61)
                0x00000001                ASSERT (((_vector_spacing == 0x0) || (SIZEOF (.vector_61) <= (_vector_spacing << 0x5))), function at exception vector 61 too large)

.vector_62      0x9d01f9c0        0x0
 *(.vector_62)
                0x00000001                ASSERT (((_vector_spacing == 0x0) || (SIZEOF (.vector_62) <= (_vector_spacing << 0x5))), function at exception vector 62 too large)

.vector_63      0x9d01f9e0        0x0
 *(.vector_63)
                0x00000001                ASSERT (((_vector_spacing == 0x0) || (SIZEOF (.vector_63) <= (_vector_spacing << 0x5))), function at exception vector 63 too large)

.startup
 *(.startup)

.text           0x9d000000        0x0
 *(.stub .gnu.linkonce.t.*)
 *(.text.*personality*)
 *(.mips16.fn.*)
 *(.mips16.call.*)
 *(.gnu.warning)
                0x9d000000                . = ALIGN (0x4)

.init           0x9d000000        0x0
 *crti.o(.init)
 *crtbegin.o(.init)
 *(EXCLUDE_FILE(*crtn.o *crtend?.o *crtend.o) .init)
 *crtend.o(.init)
 *crtn.o(.init)
                0x9d000000                . = ALIGN (0x4)

.fini           0x9d000000        0x0
 *(.fini)
                0x9d000000                . = ALIGN (0x4)

.preinit_array  0x9d000000        0x0
                0x9d000000                PROVIDE (__preinit_array_start, .)
 *(.preinit_array)
                0x9d000000                PROVIDE (__preinit_array_end, .)
                0x9d000000                . = ALIGN (0x4)

.init_array     0x9d000000        0x0
                0x9d000000                PROVIDE (__init_array_start, .)
 *(SORT(.init_array.*))
 *(.init_array)
                0x9d000000                PROVIDE (__init_array_end, .)
                0x9d000000                . = ALIGN (0x4)

.fini_array     0x9d000000        0x0
                0x9d000000                PROVIDE (__fini_array_start, .)
 *(SORT(.fini_array.*))
 *(.fini_array)
                0x9d000000                PROVIDE (__fini_array_end, .)
                0x9d000000                . = ALIGN (0x4)

.ctors          0x9d000000        0x0
 *crtbegin.o(.ctors)
 *crtbegin?.o(.ctors)
 *(EXCLUDE_FILE(*crtend?.o *crtend.o) .ctors)
 *(SORT(.ctors.*))
 *(.ctors)
                0x9d000000                . = ALIGN (0x4)

.dtors          0x9d000000        0x0
 *crtbegin.o(.dtors)
 *crtbegin?.o(.dtors)
 *(EXCLUDE_FILE(*crtend?.o *crtend.o) .dtors)
 *(SORT(.dtors.*))
 *(.dtors)
                0x9d000000                . = ALIGN (0x4)

.rodata         0x9d000000        0x0
 *(.gnu.linkonce.r.*)
 *(.rodata1)
                0x9d000000                . = ALIGN (0x4)

.sdata2         0x9fc00490        0x0
 *(.sdata2 .sdata2.* .gnu.linkonce.s2.*)
                0x9fc00490                . = ALIGN (0x4)

.sbss2          0x9fc00490        0x0
 *(.sbss2 .sbss2.* .gnu.linkonce.sb2.*)
                0x9fc00490                . = ALIGN (0x4)

.eh_frame_hdr
 *(.eh_frame_hdr)
                0x9fc00490                . = ALIGN (0x4)

.eh_frame
 *(.eh_frame)
                0x9fc00490                . = ALIGN (0x4)

.gcc_except_table
 *(.gcc_except_table .gcc_except_table.*)
                0x9fc00490                . = ALIGN (0x4)

.dbg_data       0xa0000000        0x0
                0xa0000000                . = (. + DEFINED (_DEBUGGER)?0x200:0x0)

.jcr            0xa0000000        0x0
 *(.jcr)
                0xa0000000                . = ALIGN (0x4)

.eh_frame
 *(.eh_frame)
                0xa0000000                . = ALIGN (0x4)

.gcc_except_table
 *(.gcc_except_table .gcc_except_table.*)
                0xa0000000                . = ALIGN (0x4)

.persist        0xa0000000        0x0
                0xa0000000                _persist_begin = .
 *(.persist .persist.*)
 *(.pbss .pbss.*)
                0xa0000000                . = ALIGN (0x4)
                0xa0000000                _persist_end = .

.data           0xa0000000        0x0
 *(.gnu.linkonce.d.*)
 *(.data1)
                0xa0000000                . = ALIGN (0x4)
                0xa0000000                . = .
                0xa0007ff0                _gp = (ALIGN (0x10) + 0x7ff0)

.got            0xa0000000        0x0
 *(.got.plt)
 *(.got)
                0xa0000000                . = ALIGN (0x4)

.sdata          0xa0000000       0x1c
                0xa0000000                _sdata_begin = .
 *(.sdata .sdata.* .gnu.linkonce.s.*)
 .sdata         0xa0000000       0x14 build/default/production/PID.o
 .sdata         0xa0000014        0x4 c:/program files (x86)/microchip/xc32/v2.30/bin/bin/../../lib/gcc/pic32mx/4.8.3/../../../../pic32mx/lib\liblega-c.a(_iobdata.o)
                0xa0000014                _libc_data
 .sdata         0xa0000018        0x4 c:/program files (x86)/microchip/xc32/v2.30/bin/bin/../../lib/gcc/pic32mx/4.8.3/../../../../pic32mx/lib\libpic32.a(xc32_uart.o)
                0xa0000018                __XC_UART
                0xa000001c                . = ALIGN (0x4)
                0xa000001c                _sdata_end = .

.lit8
 *(.lit8)

.lit4
 *(.lit4)
                0xa000001c                . = ALIGN (0x4)
                0xa000001c                _data_end = .
                0xa000001c                _bss_begin = .

.sbss           0xa000001c       0x74
                0xa000001c                _sbss_begin = .
 *(.dynsbss)
 *(.sbss .sbss.* .gnu.linkonce.sb.*)
 .sbss          0xa000001c        0xa build/default/production/inputCapture.o
 *fill*         0xa0000026        0x2 
 .sbss          0xa0000028        0x4 build/default/production/uart1.o
 .sbss          0xa000002c       0x1c build/default/production/PID.o
 .sbss          0xa0000048       0x10 build/default/production/tft_display.o
 .sbss          0xa0000058       0x1c build/default/production/zTimer4.o
 .sbss          0xa0000074        0x4 c:/program files (x86)/microchip/xc32/v2.30/bin/bin/../../lib/gcc/pic32mx/4.8.3/../../../../pic32mx/lib\liblega-c.a(errno.o)
                0xa0000074                errno
 *(.scommon)
 .scommon       0xa0000078        0x4 build/default/production/PID.o
                0xa0000078                PIDState
 .scommon       0xa000007c       0x12 build/default/production/tft_display.o
                0xa000007c                cursor_y
                0xa000007e                rotation
                0xa0000080                _width
                0xa0000082                cursor_x
                0xa0000084                wrap
                0xa0000086                textsize
                0xa0000088                _height
                0xa000008a                textbgcolor
                0xa000008c                textcolor
 .scommon       0xa000008e        0x0 build/default/production/tft_gfx.o
 .scommon       0xa000008e        0x0 build/default/production/tft_master.o
                0xa000008e                _sbss_end = .
                0xa0000090                . = ALIGN (0x4)
 *fill*         0xa000008e        0x2 

.bss            0xa0000090        0x0
 *(.dynbss)
 *(COMMON)
                0xa0000090                . = ALIGN ((. != 0x0)?0x4:0x1)
                0xa0000090                . = ALIGN (0x4)
                0xa0000090                _end = .
                0xa0000090                _bss_end = .
                0x00008000                _bmxdudba_address = 0x8000
                0x00008000                _bmxdupba_address = 0x8000

/DISCARD/
 *(.pdr)
 *(.rel.dyn)
 *(.note.GNU-stack)
 *(.note.GNU-stack)
 *(.gnu_debuglink)
 *(.gnu.lto_*)
 *(.discard)

.gptab.sdata
 *(.gptab.data)
 *(.gptab.sdata)

.gptab.sbss
 *(.gptab.bss)
 *(.gptab.sbss)

.mdebug.abi32   0xa0000090        0x0
 *(.mdebug.abi32)
 .mdebug.abi32  0xa0000090        0x0 build/default/production/main.o
 .mdebug.abi32  0xa0000090        0x0 build/default/production/inputCapture.o
 .mdebug.abi32  0xa0000090        0x0 build/default/production/uart1.o
 .mdebug.abi32  0xa0000090        0x0 build/default/production/PID.o
 .mdebug.abi32  0xa0000090        0x0 build/default/production/tft_display.o
 .mdebug.abi32  0xa0000090        0x0 build/default/production/outputCompare.o
 .mdebug.abi32  0xa0000090        0x0 build/default/production/tft_gfx.o
 .mdebug.abi32  0xa0000090        0x0 build/default/production/tft_master.o
 .mdebug.abi32  0xa0000090        0x0 build/default/production/TouchScreen.o
 .mdebug.abi32  0xa0000090        0x0 build/default/production/adc_intf.o
 .mdebug.abi32  0xa0000090        0x0 build/default/production/glcdfont.o
 .mdebug.abi32  0xa0000090        0x0 build/default/production/zTimer4.o
 .mdebug.abi32  0xa0000090        0x0 c:/program files (x86)/microchip/xc32/v2.30/bin/bin/../../lib/gcc/pic32mx/4.8.3/../../../../pic32mx/lib\libmchp_peripheral.a(read_core_timer_lib.o)
 .mdebug.abi32  0xa0000090        0x0 c:/program files (x86)/microchip/xc32/v2.30/bin/bin/../../lib/gcc/pic32mx/4.8.3/../../../../pic32mx/lib\libmchp_peripheral.a(write_core_timer_lib.o)
 .mdebug.abi32  0xa0000090        0x0 c:/program files (x86)/microchip/xc32/v2.30/bin/bin/../../lib/gcc/pic32mx/4.8.3/../../../../pic32mx/lib\libmchp_peripheral_32MX250F128B.a(int_disable_interrupts_lib.o)
 .mdebug.abi32  0xa0000090        0x0 c:/program files (x86)/microchip/xc32/v2.30/bin/bin/../../lib/gcc/pic32mx/4.8.3/../../../../pic32mx/lib\libmchp_peripheral_32MX250F128B.a(int_restore_interrupts_lib.o)
 .mdebug.abi32  0xa0000090        0x0 c:/program files (x86)/microchip/xc32/v2.30/bin/bin/../../lib/gcc/pic32mx/4.8.3/../../../../pic32mx/lib\libmchp_peripheral_32MX250F128B.a(int_enable_mv_int_lib.o)
 .mdebug.abi32  0xa0000090        0x0 c:/program files (x86)/microchip/xc32/v2.30/bin/bin/../../lib/gcc/pic32mx/4.8.3/../../../../pic32mx/lib\libmchp_peripheral_32MX250F128B.a(int_tbl_lib.o)
 .mdebug.abi32  0xa0000090        0x0 c:/program files (x86)/microchip/xc32/v2.30/bin/bin/../../lib/gcc/pic32mx/4.8.3/../../../../pic32mx/lib\libmchp_peripheral_32MX250F128B.a(spi_chn_open_lib.o)
 .mdebug.abi32  0xa0000090        0x0 c:/program files (x86)/microchip/xc32/v2.30/bin/bin/../../lib/gcc/pic32mx/4.8.3/../../../../pic32mx/lib\libmchp_peripheral_32MX250F128B.a(spi_map_tbl_libp.o)
 .mdebug.abi32  0xa0000090        0x0 c:/program files (x86)/microchip/xc32/v2.30/bin/bin/../../lib/gcc/pic32mx/4.8.3/../../../../pic32mx/lib\libmchp_peripheral_32MX250F128B.a(int_enable_interrupts_lib.o)
 .mdebug.abi32  0xa0000090        0x0 c:/program files (x86)/microchip/xc32/v2.30/bin/bin/../../lib/gcc/pic32mx/4.8.3/../../../../pic32mx/lib\libpic32.a(default-bootstrap-exception-handler.o)
 .mdebug.abi32  0xa0000090        0x0 c:/program files (x86)/microchip/xc32/v2.30/bin/bin/../../lib/gcc/pic32mx/4.8.3/../../../../pic32mx/lib\libpic32.a(default-on-reset.o)
 .mdebug.abi32  0xa0000090        0x0 c:/program files (x86)/microchip/xc32/v2.30/bin/bin/../../lib/gcc/pic32mx/4.8.3/../../../../pic32mx/lib\libpic32.a(default-on-bootstrap.o)
 .mdebug.abi32  0xa0000090        0x0 c:/program files (x86)/microchip/xc32/v2.30/bin/bin/../../lib/gcc/pic32mx/4.8.3/../../../../pic32mx/lib\libpic32.a(default-general-exception-handler.o)
 .mdebug.abi32  0xa0000090        0x0 c:/program files (x86)/microchip/xc32/v2.30/bin/bin/../../lib/gcc/pic32mx/4.8.3/../../../../pic32mx/lib\libpic32.a(defaultinterrupt.o)
 .mdebug.abi32  0xa0000090        0x0 c:/program files (x86)/microchip/xc32/v2.30/bin/bin/../../lib/gcc/pic32mx/4.8.3/../../../../pic32mx/lib\liblega-c.a(strncpy.o)
 .mdebug.abi32  0xa0000090        0x0 c:/program files (x86)/microchip/xc32/v2.30/bin/bin/../../lib/gcc/pic32mx/4.8.3/../../../../pic32mx/lib\liblega-c.a(sprintf_cdfFnopuxX.eo)
 .mdebug.abi32  0xa0000090        0x0 c:/program files (x86)/microchip/xc32/v2.30/bin/bin/../../lib/gcc/pic32mx/4.8.3/../../../../pic32mx/lib\liblega-c.a(sscanf_cdfFnopuxX.eo)
 .mdebug.abi32  0xa0000090        0x0 c:/program files (x86)/microchip/xc32/v2.30/bin/bin/../../lib/gcc/pic32mx/4.8.3/../../../../pic32mx/lib\liblega-c.a(_doprnt_cdfFnopuxX.eo)
 .mdebug.abi32  0xa0000090        0x0 c:/program files (x86)/microchip/xc32/v2.30/bin/bin/../../lib/gcc/pic32mx/4.8.3/../../../../pic32mx/lib\liblega-c.a(_iobdata.o)
 .mdebug.abi32  0xa0000090        0x0 c:/program files (x86)/microchip/xc32/v2.30/bin/bin/../../lib/gcc/pic32mx/4.8.3/../../../../pic32mx/lib\liblega-c.a(_iobfuncs.o)
 .mdebug.abi32  0xa0000090        0x0 c:/program files (x86)/microchip/xc32/v2.30/bin/bin/../../lib/gcc/pic32mx/4.8.3/../../../../pic32mx/lib\liblega-c.a(_iobstring.o)
 .mdebug.abi32  0xa0000090        0x0 c:/program files (x86)/microchip/xc32/v2.30/bin/bin/../../lib/gcc/pic32mx/4.8.3/../../../../pic32mx/lib\liblega-c.a(fputc.o)
 .mdebug.abi32  0xa0000090        0x0 c:/program files (x86)/microchip/xc32/v2.30/bin/bin/../../lib/gcc/pic32mx/4.8.3/../../../../pic32mx/lib\liblega-c.a(_doscan.o)
 .mdebug.abi32  0xa0000090        0x0 c:/program files (x86)/microchip/xc32/v2.30/bin/bin/../../lib/gcc/pic32mx/4.8.3/../../../../pic32mx/lib\liblega-c.a(stubs.o)
 .mdebug.abi32  0xa0000090        0x0 c:/program files (x86)/microchip/xc32/v2.30/bin/bin/../../lib/gcc/pic32mx/4.8.3/../../../../pic32mx/lib\liblega-c.a(strchr.o)
 .mdebug.abi32  0xa0000090        0x0 c:/program files (x86)/microchip/xc32/v2.30/bin/bin/../../lib/gcc/pic32mx/4.8.3/../../../../pic32mx/lib\liblega-c.a(ctype.o)
 .mdebug.abi32  0xa0000090        0x0 c:/program files (x86)/microchip/xc32/v2.30/bin/bin/../../lib/gcc/pic32mx/4.8.3/../../../../pic32mx/lib\liblega-c.a(malloc.o)
 .mdebug.abi32  0xa0000090        0x0 c:/program files (x86)/microchip/xc32/v2.30/bin/bin/../../lib/gcc/pic32mx/4.8.3/../../../../pic32mx/lib\liblega-c.a(malloc_realloc.o)
 .mdebug.abi32  0xa0000090        0x0 c:/program files (x86)/microchip/xc32/v2.30/bin/bin/../../lib/gcc/pic32mx/4.8.3/../../../../pic32mx/lib\liblega-c.a(errno.o)
 .mdebug.abi32  0xa0000090        0x0 c:/program files (x86)/microchip/xc32/v2.30/bin/bin/../../lib/gcc/pic32mx/4.8.3/../../../../pic32mx/lib\liblega-c.a(strtol.o)
 .mdebug.abi32  0xa0000090        0x0 c:/program files (x86)/microchip/xc32/v2.30/bin/bin/../../lib/gcc/pic32mx/4.8.3/../../../../pic32mx/lib\liblega-c.a(strtoul.o)
 .mdebug.abi32  0xa0000090        0x0 c:/program files (x86)/microchip/xc32/v2.30/bin/bin/../../lib/gcc/pic32mx/4.8.3/../../../../pic32mx/lib\liblega-c.a(strtoll.o)
 .mdebug.abi32  0xa0000090        0x0 c:/program files (x86)/microchip/xc32/v2.30/bin/bin/../../lib/gcc/pic32mx/4.8.3/../../../../pic32mx/lib\liblega-c.a(strtoull.o)
 .mdebug.abi32  0xa0000090        0x0 c:/program files (x86)/microchip/xc32/v2.30/bin/bin/../../lib/gcc/pic32mx/4.8.3/../../../../pic32mx/lib\liblega-c.a(strtod.o)
 .mdebug.abi32  0xa0000090        0x0 c:/program files (x86)/microchip/xc32/v2.30/bin/bin/../../lib/gcc/pic32mx/4.8.3/../../../../pic32mx/lib\liblega-c.a(strtof.o)
 .mdebug.abi32  0xa0000090        0x0 c:/program files (x86)/microchip/xc32/v2.30/bin/bin/../../lib/gcc/pic32mx/4.8.3/../../../../pic32mx/lib\liblega-c.a(fullexit.o)
 .mdebug.abi32  0xa0000090        0x0 c:/program files (x86)/microchip/xc32/v2.30/bin/bin/../../lib/gcc/pic32mx/4.8.3/../../../../pic32mx/lib\liblega-c.a(fgetc.o)
 .mdebug.abi32  0xa0000090        0x0 c:/program files (x86)/microchip/xc32/v2.30/bin/bin/../../lib/gcc/pic32mx/4.8.3/../../../../pic32mx/lib\liblega-c.a(ungetc.o)
 .mdebug.abi32  0xa0000090        0x0 c:/program files (x86)/microchip/xc32/v2.30/bin/bin/../../lib/gcc/pic32mx/4.8.3/../../../../pic32mx/lib\liblega-c.a(memmove.o)
 .mdebug.abi32  0xa0000090        0x0 c:/program files (x86)/microchip/xc32/v2.30/bin/bin/../../lib/gcc/pic32mx/4.8.3/../../../../pic32mx/lib\liblega-c.a(memcpy.o)
 .mdebug.abi32  0xa0000090        0x0 c:/program files (x86)/microchip/xc32/v2.30/bin/bin/../../lib/gcc/pic32mx/4.8.3/../../../../pic32mx/lib\liblega-c.a(_ioinit.o)
 .mdebug.abi32  0xa0000090        0x0 c:/program files (x86)/microchip/xc32/v2.30/bin/bin/../../lib/gcc/pic32mx/4.8.3/../../../../pic32mx/lib\liblega-c.a(_cleanup.o)
 .mdebug.abi32  0xa0000090        0x0 c:/program files (x86)/microchip/xc32/v2.30/bin/bin/../../lib/gcc/pic32mx/4.8.3/../../../../pic32mx/lib\liblega-c.a(_bufproc.o)
 .mdebug.abi32  0xa0000090        0x0 c:/program files (x86)/microchip/xc32/v2.30/bin/bin/../../lib/gcc/pic32mx/4.8.3/../../../../pic32mx/lib\libm.a(__strtod.o)
 .mdebug.abi32  0xa0000090        0x0 c:/program files (x86)/microchip/xc32/v2.30/bin/bin/../../lib/gcc/pic32mx/4.8.3/../../../../pic32mx/lib\libm.a(__strtof.o)
 .mdebug.abi32  0xa0000090        0x0 c:/program files (x86)/microchip/xc32/v2.30/bin/bin/../../lib/gcc/pic32mx/4.8.3/../../../../pic32mx/lib\libe.a(_ldexp.o)
 .mdebug.abi32  0xa0000090        0x0 c:/program files (x86)/microchip/xc32/v2.30/bin/bin/../../lib/gcc/pic32mx/4.8.3/../../../../pic32mx/lib\libe.a(_ldexpf.o)
 .mdebug.abi32  0xa0000090        0x0 c:/program files (x86)/microchip/xc32/v2.30/bin/bin/../../lib/gcc/pic32mx/4.8.3\libgcc.a(_lshrdi3.o)
 .mdebug.abi32  0xa0000090        0x0 c:/program files (x86)/microchip/xc32/v2.30/bin/bin/../../lib/gcc/pic32mx/4.8.3\libgcc.a(_ashldi3.o)
 .mdebug.abi32  0xa0000090        0x0 c:/program files (x86)/microchip/xc32/v2.30/bin/bin/../../lib/gcc/pic32mx/4.8.3\libgcc.a(_divdi3.o)
 .mdebug.abi32  0xa0000090        0x0 c:/program files (x86)/microchip/xc32/v2.30/bin/bin/../../lib/gcc/pic32mx/4.8.3\libgcc.a(_udivdi3.o)
 .mdebug.abi32  0xa0000090        0x0 c:/program files (x86)/microchip/xc32/v2.30/bin/bin/../../lib/gcc/pic32mx/4.8.3\libgcc.a(_umoddi3.o)
 .mdebug.abi32  0xa0000090        0x0 c:/program files (x86)/microchip/xc32/v2.30/bin/bin/../../lib/gcc/pic32mx/4.8.3/../../../../pic32mx/lib\libpic32.a(sbrk.o)
 .mdebug.abi32  0xa0000090        0x0 c:/program files (x86)/microchip/xc32/v2.30/bin/bin/../../lib/gcc/pic32mx/4.8.3/../../../../pic32mx/lib\libpic32.a(_exit.o)
 .mdebug.abi32  0xa0000090        0x0 c:/program files (x86)/microchip/xc32/v2.30/bin/bin/../../lib/gcc/pic32mx/4.8.3/../../../../pic32mx/lib\libpic32.a(isatty.o)
 .mdebug.abi32  0xa0000090        0x0 c:/program files (x86)/microchip/xc32/v2.30/bin/bin/../../lib/gcc/pic32mx/4.8.3/../../../../pic32mx/lib\libpic32.a(_mon_getc.o)
 .mdebug.abi32  0xa0000090        0x0 c:/program files (x86)/microchip/xc32/v2.30/bin/bin/../../lib/gcc/pic32mx/4.8.3/../../../../pic32mx/lib\libpic32.a(_mon_write.o)
 .mdebug.abi32  0xa0000090        0x0 c:/program files (x86)/microchip/xc32/v2.30/bin/bin/../../lib/gcc/pic32mx/4.8.3/../../../../pic32mx/lib\libpic32.a(xc32_uart.o)
 .mdebug.abi32  0xa0000090        0x0 c:/program files (x86)/microchip/xc32/v2.30/bin/bin/../../lib/gcc/pic32mx/4.8.3/../../../../pic32mx/lib\libpic32.a(_mon_putc.o)

.mdebug.abiN32
 *(.mdebug.abiN32)

.mdebug.abi64
 *(.mdebug.abi64)

.mdebug.abiO64
 *(.mdebug.abiO64)

.mdebug.eabi32
 *(.mdebug.eabi32)

.mdebug.eabi64
 *(.mdebug.eabi64)

.gcc_compiled_long32
 *(.gcc_compiled_long32)

.gcc_compiled_long64
 *(.gcc_compiled_long64)

.stab
 *(.stab)

.stabstr
 *(.stabstr)

.stab.excl
 *(.stab.excl)

.stab.exclstr
 *(.stab.exclstr)

.stab.index
 *(.stab.index)

.stab.indexstr
 *(.stab.indexstr)

.comment        0x00000000      0xb00
 *(.comment)
 .comment       0x00000000       0x3c build/default/production/main.o
                                 0x3d (size before relaxing)
 .comment       0x00000000       0x3d build/default/production/inputCapture.o
 .comment       0x00000000       0x3d build/default/production/uart1.o
 .comment       0x00000000       0x3d build/default/production/PID.o
 .comment       0x00000000       0x3d build/default/production/tft_display.o
 .comment       0x00000000       0x3d build/default/production/outputCompare.o
 .comment       0x00000000       0x3d build/default/production/tft_gfx.o
 .comment       0x00000000       0x3d build/default/production/tft_master.o
 .comment       0x00000000       0x3d build/default/production/TouchScreen.o
 .comment       0x00000000       0x3d build/default/production/adc_intf.o
 .comment       0x00000000       0x3d build/default/production/glcdfont.o
 .comment       0x00000000       0x3d build/default/production/zTimer4.o
 .comment       0x0000003c       0x3c c:/program files (x86)/microchip/xc32/v2.30/bin/bin/../../lib/gcc/pic32mx/4.8.3/../../../../pic32mx/lib\libmchp_peripheral.a(read_core_timer_lib.o)
                                 0x3d (size before relaxing)
 .comment       0x00000000       0x3d c:/program files (x86)/microchip/xc32/v2.30/bin/bin/../../lib/gcc/pic32mx/4.8.3/../../../../pic32mx/lib\libmchp_peripheral.a(write_core_timer_lib.o)
 .comment       0x00000000       0x3d c:/program files (x86)/microchip/xc32/v2.30/bin/bin/../../lib/gcc/pic32mx/4.8.3/../../../../pic32mx/lib\libmchp_peripheral_32MX250F128B.a(int_disable_interrupts_lib.o)
 .comment       0x00000000       0x3d c:/program files (x86)/microchip/xc32/v2.30/bin/bin/../../lib/gcc/pic32mx/4.8.3/../../../../pic32mx/lib\libmchp_peripheral_32MX250F128B.a(int_restore_interrupts_lib.o)
 .comment       0x00000000       0x3d c:/program files (x86)/microchip/xc32/v2.30/bin/bin/../../lib/gcc/pic32mx/4.8.3/../../../../pic32mx/lib\libmchp_peripheral_32MX250F128B.a(int_enable_mv_int_lib.o)
 .comment       0x00000000       0x3d c:/program files (x86)/microchip/xc32/v2.30/bin/bin/../../lib/gcc/pic32mx/4.8.3/../../../../pic32mx/lib\libmchp_peripheral_32MX250F128B.a(int_tbl_lib.o)
 .comment       0x00000000       0x3d c:/program files (x86)/microchip/xc32/v2.30/bin/bin/../../lib/gcc/pic32mx/4.8.3/../../../../pic32mx/lib\libmchp_peripheral_32MX250F128B.a(spi_chn_open_lib.o)
 .comment       0x00000000       0x3d c:/program files (x86)/microchip/xc32/v2.30/bin/bin/../../lib/gcc/pic32mx/4.8.3/../../../../pic32mx/lib\libmchp_peripheral_32MX250F128B.a(spi_map_tbl_libp.o)
 .comment       0x00000000       0x3d c:/program files (x86)/microchip/xc32/v2.30/bin/bin/../../lib/gcc/pic32mx/4.8.3/../../../../pic32mx/lib\libmchp_peripheral_32MX250F128B.a(int_enable_interrupts_lib.o)
 .comment       0x00000078       0x18 c:/program files (x86)/microchip/xc32/v2.30/bin/bin/../../lib/gcc/pic32mx/4.8.3/../../../../pic32mx/lib\libpic32.a(memset.o)
                                 0x19 (size before relaxing)
 .comment       0x00000090       0x19 c:/program files (x86)/microchip/xc32/v2.30/bin/bin/../../lib/gcc/pic32mx/4.8.3/../../../../pic32mx/lib\libpic32.a(strlen.o)
                                 0x1a (size before relaxing)
 .comment       0x00000000       0x3d c:/program files (x86)/microchip/xc32/v2.30/bin/bin/../../lib/gcc/pic32mx/4.8.3/../../../../pic32mx/lib\libpic32.a(default-bootstrap-exception-handler.o)
 .comment       0x00000000       0x3d c:/program files (x86)/microchip/xc32/v2.30/bin/bin/../../lib/gcc/pic32mx/4.8.3/../../../../pic32mx/lib\libpic32.a(default-on-reset.o)
 .comment       0x00000000       0x3d c:/program files (x86)/microchip/xc32/v2.30/bin/bin/../../lib/gcc/pic32mx/4.8.3/../../../../pic32mx/lib\libpic32.a(default-on-bootstrap.o)
 .comment       0x00000000       0x3d c:/program files (x86)/microchip/xc32/v2.30/bin/bin/../../lib/gcc/pic32mx/4.8.3/../../../../pic32mx/lib\libpic32.a(default-general-exception-handler.o)
 .comment       0x00000000       0x3d c:/program files (x86)/microchip/xc32/v2.30/bin/bin/../../lib/gcc/pic32mx/4.8.3/../../../../pic32mx/lib\libpic32.a(defaultinterrupt.o)
 .comment       0x000000a9       0x50 c:/program files (x86)/microchip/xc32/v2.30/bin/bin/../../lib/gcc/pic32mx/4.8.3/../../../../pic32mx/lib\liblega-c.a(strncpy.o)
                                 0x8d (size before relaxing)
 .comment       0x000000f9       0x52 c:/program files (x86)/microchip/xc32/v2.30/bin/bin/../../lib/gcc/pic32mx/4.8.3/../../../../pic32mx/lib\liblega-c.a(sprintf_cdfFnopuxX.eo)
                                 0x8f (size before relaxing)
 .comment       0x0000014b       0x51 c:/program files (x86)/microchip/xc32/v2.30/bin/bin/../../lib/gcc/pic32mx/4.8.3/../../../../pic32mx/lib\liblega-c.a(sscanf_cdfFnopuxX.eo)
                                 0x8e (size before relaxing)
 .comment       0x0000019c       0x52 c:/program files (x86)/microchip/xc32/v2.30/bin/bin/../../lib/gcc/pic32mx/4.8.3/../../../../pic32mx/lib\liblega-c.a(_doprnt_cdfFnopuxX.eo)
                                 0x8f (size before relaxing)
 .comment       0x000001ee       0x53 c:/program files (x86)/microchip/xc32/v2.30/bin/bin/../../lib/gcc/pic32mx/4.8.3/../../../../pic32mx/lib\liblega-c.a(_iobdata.o)
                                 0x90 (size before relaxing)
 .comment       0x00000241       0x54 c:/program files (x86)/microchip/xc32/v2.30/bin/bin/../../lib/gcc/pic32mx/4.8.3/../../../../pic32mx/lib\liblega-c.a(_iobfuncs.o)
                                 0x91 (size before relaxing)
 .comment       0x00000295       0x55 c:/program files (x86)/microchip/xc32/v2.30/bin/bin/../../lib/gcc/pic32mx/4.8.3/../../../../pic32mx/lib\liblega-c.a(_iobstring.o)
                                 0x92 (size before relaxing)
 .comment       0x000002ea       0x50 c:/program files (x86)/microchip/xc32/v2.30/bin/bin/../../lib/gcc/pic32mx/4.8.3/../../../../pic32mx/lib\liblega-c.a(fputc.o)
                                 0x8d (size before relaxing)
 .comment       0x0000033a       0x52 c:/program files (x86)/microchip/xc32/v2.30/bin/bin/../../lib/gcc/pic32mx/4.8.3/../../../../pic32mx/lib\liblega-c.a(_doscan.o)
                                 0x8f (size before relaxing)
 .comment       0x0000038c       0x4e c:/program files (x86)/microchip/xc32/v2.30/bin/bin/../../lib/gcc/pic32mx/4.8.3/../../../../pic32mx/lib\liblega-c.a(stubs.o)
                                 0x8b (size before relaxing)
 .comment       0x000003da       0x4f c:/program files (x86)/microchip/xc32/v2.30/bin/bin/../../lib/gcc/pic32mx/4.8.3/../../../../pic32mx/lib\liblega-c.a(strchr.o)
                                 0x8c (size before relaxing)
 .comment       0x00000429       0x4e c:/program files (x86)/microchip/xc32/v2.30/bin/bin/../../lib/gcc/pic32mx/4.8.3/../../../../pic32mx/lib\liblega-c.a(ctype.o)
                                 0x8b (size before relaxing)
 .comment       0x00000000       0x3d c:/program files (x86)/microchip/xc32/v2.30/bin/bin/../../lib/gcc/pic32mx/4.8.3/../../../../pic32mx/lib\liblega-c.a(malloc.o)
 .comment       0x00000000       0x3d c:/program files (x86)/microchip/xc32/v2.30/bin/bin/../../lib/gcc/pic32mx/4.8.3/../../../../pic32mx/lib\liblega-c.a(malloc_realloc.o)
 .comment       0x00000477       0x4e c:/program files (x86)/microchip/xc32/v2.30/bin/bin/../../lib/gcc/pic32mx/4.8.3/../../../../pic32mx/lib\liblega-c.a(errno.o)
                                 0x8b (size before relaxing)
 .comment       0x000004c5       0x4f c:/program files (x86)/microchip/xc32/v2.30/bin/bin/../../lib/gcc/pic32mx/4.8.3/../../../../pic32mx/lib\liblega-c.a(strtol.o)
                                 0x8c (size before relaxing)
 .comment       0x00000514       0x50 c:/program files (x86)/microchip/xc32/v2.30/bin/bin/../../lib/gcc/pic32mx/4.8.3/../../../../pic32mx/lib\liblega-c.a(strtoul.o)
                                 0x8d (size before relaxing)
 .comment       0x00000564       0x50 c:/program files (x86)/microchip/xc32/v2.30/bin/bin/../../lib/gcc/pic32mx/4.8.3/../../../../pic32mx/lib\liblega-c.a(strtoll.o)
                                 0x8d (size before relaxing)
 .comment       0x000005b4       0x51 c:/program files (x86)/microchip/xc32/v2.30/bin/bin/../../lib/gcc/pic32mx/4.8.3/../../../../pic32mx/lib\liblega-c.a(strtoull.o)
                                 0x8e (size before relaxing)
 .comment       0x00000605       0x4f c:/program files (x86)/microchip/xc32/v2.30/bin/bin/../../lib/gcc/pic32mx/4.8.3/../../../../pic32mx/lib\liblega-c.a(strtod.o)
                                 0x8c (size before relaxing)
 .comment       0x00000000       0x8c c:/program files (x86)/microchip/xc32/v2.30/bin/bin/../../lib/gcc/pic32mx/4.8.3/../../../../pic32mx/lib\liblega-c.a(strtof.o)
 .comment       0x00000654       0x51 c:/program files (x86)/microchip/xc32/v2.30/bin/bin/../../lib/gcc/pic32mx/4.8.3/../../../../pic32mx/lib\liblega-c.a(fullexit.o)
                                 0x8e (size before relaxing)
 .comment       0x000006a5       0x50 c:/program files (x86)/microchip/xc32/v2.30/bin/bin/../../lib/gcc/pic32mx/4.8.3/../../../../pic32mx/lib\liblega-c.a(fgetc.o)
                                 0x8d (size before relaxing)
 .comment       0x000006f5       0x51 c:/program files (x86)/microchip/xc32/v2.30/bin/bin/../../lib/gcc/pic32mx/4.8.3/../../../../pic32mx/lib\liblega-c.a(ungetc.o)
                                 0x8e (size before relaxing)
 .comment       0x00000746       0x50 c:/program files (x86)/microchip/xc32/v2.30/bin/bin/../../lib/gcc/pic32mx/4.8.3/../../../../pic32mx/lib\liblega-c.a(memmove.o)
                                 0x8d (size before relaxing)
 .comment       0x00000796       0x4f c:/program files (x86)/microchip/xc32/v2.30/bin/bin/../../lib/gcc/pic32mx/4.8.3/../../../../pic32mx/lib\liblega-c.a(memcpy.o)
                                 0x8c (size before relaxing)
 .comment       0x000007e5       0x52 c:/program files (x86)/microchip/xc32/v2.30/bin/bin/../../lib/gcc/pic32mx/4.8.3/../../../../pic32mx/lib\liblega-c.a(_ioinit.o)
                                 0x8f (size before relaxing)
 .comment       0x00000837       0x51 c:/program files (x86)/microchip/xc32/v2.30/bin/bin/../../lib/gcc/pic32mx/4.8.3/../../../../pic32mx/lib\liblega-c.a(_cleanup.o)
                                 0x8e (size before relaxing)
 .comment       0x00000888       0x53 c:/program files (x86)/microchip/xc32/v2.30/bin/bin/../../lib/gcc/pic32mx/4.8.3/../../../../pic32mx/lib\liblega-c.a(_bufproc.o)
                                 0x90 (size before relaxing)
 .comment       0x000008db       0x9d c:/program files (x86)/microchip/xc32/v2.30/bin/bin/../../lib/gcc/pic32mx/4.8.3/../../../../pic32mx/lib\libm.a(__strtod.o)
                                 0xda (size before relaxing)
 .comment       0x00000978       0x4f c:/program files (x86)/microchip/xc32/v2.30/bin/bin/../../lib/gcc/pic32mx/4.8.3/../../../../pic32mx/lib\libm.a(__strtof.o)
                                 0xda (size before relaxing)
 .comment       0x000009c7       0x50 c:/program files (x86)/microchip/xc32/v2.30/bin/bin/../../lib/gcc/pic32mx/4.8.3/../../../../pic32mx/lib\libe.a(_ldexp.o)
                                 0xdb (size before relaxing)
 .comment       0x00000a17       0x50 c:/program files (x86)/microchip/xc32/v2.30/bin/bin/../../lib/gcc/pic32mx/4.8.3/../../../../pic32mx/lib\libe.a(_ldexpf.o)
                                 0xdb (size before relaxing)
 .comment       0x00000000       0x3d c:/program files (x86)/microchip/xc32/v2.30/bin/bin/../../lib/gcc/pic32mx/4.8.3\libgcc.a(_lshrdi3.o)
 .comment       0x00000000       0x3d c:/program files (x86)/microchip/xc32/v2.30/bin/bin/../../lib/gcc/pic32mx/4.8.3\libgcc.a(_ashldi3.o)
 .comment       0x00000000       0x3d c:/program files (x86)/microchip/xc32/v2.30/bin/bin/../../lib/gcc/pic32mx/4.8.3\libgcc.a(_divdi3.o)
 .comment       0x00000000       0x3d c:/program files (x86)/microchip/xc32/v2.30/bin/bin/../../lib/gcc/pic32mx/4.8.3\libgcc.a(_udivdi3.o)
 .comment       0x00000000       0x3d c:/program files (x86)/microchip/xc32/v2.30/bin/bin/../../lib/gcc/pic32mx/4.8.3\libgcc.a(_umoddi3.o)
 .comment       0x00000a67       0x4b c:/program files (x86)/microchip/xc32/v2.30/bin/bin/../../lib/gcc/pic32mx/4.8.3/../../../../pic32mx/lib\libpic32.a(sbrk.o)
                                 0x88 (size before relaxing)
 .comment       0x00000000       0x3d c:/program files (x86)/microchip/xc32/v2.30/bin/bin/../../lib/gcc/pic32mx/4.8.3/../../../../pic32mx/lib\libpic32.a(_exit.o)
 .comment       0x00000ab2       0x4e c:/program files (x86)/microchip/xc32/v2.30/bin/bin/../../lib/gcc/pic32mx/4.8.3/../../../../pic32mx/lib\libpic32.a(isatty.o)
                                 0x8b (size before relaxing)
 .comment       0x00000000       0x3d c:/program files (x86)/microchip/xc32/v2.30/bin/bin/../../lib/gcc/pic32mx/4.8.3/../../../../pic32mx/lib\libpic32.a(_mon_getc.o)
 .comment       0x00000000       0x3d c:/program files (x86)/microchip/xc32/v2.30/bin/bin/../../lib/gcc/pic32mx/4.8.3/../../../../pic32mx/lib\libpic32.a(_mon_write.o)
 .comment       0x00000000       0x3d c:/program files (x86)/microchip/xc32/v2.30/bin/bin/../../lib/gcc/pic32mx/4.8.3/../../../../pic32mx/lib\libpic32.a(xc32_uart.o)
 .comment       0x00000000       0x3d c:/program files (x86)/microchip/xc32/v2.30/bin/bin/../../lib/gcc/pic32mx/4.8.3/../../../../pic32mx/lib\libpic32.a(_mon_putc.o)

.debug
 *(.debug)

.line
 *(.line)

.debug_srcinfo
 *(.debug_srcinfo)

.debug_sfnames
 *(.debug_sfnames)

.debug_aranges  0x00000000      0x558
 *(.debug_aranges)
 .debug_aranges
                0x00000000       0x20 build/default/production/main.o
 .debug_aranges
                0x00000020       0x20 build/default/production/inputCapture.o
 .debug_aranges
                0x00000040       0x20 build/default/production/uart1.o
 .debug_aranges
                0x00000060       0x20 build/default/production/PID.o
 .debug_aranges
                0x00000080       0x20 build/default/production/tft_display.o
 .debug_aranges
                0x000000a0       0x20 build/default/production/outputCompare.o
 .debug_aranges
                0x000000c0       0x20 build/default/production/tft_gfx.o
 .debug_aranges
                0x000000e0       0x20 build/default/production/tft_master.o
 .debug_aranges
                0x00000100       0x20 build/default/production/TouchScreen.o
 .debug_aranges
                0x00000120       0x20 build/default/production/adc_intf.o
 .debug_aranges
                0x00000140       0x18 build/default/production/glcdfont.o
 .debug_aranges
                0x00000158       0x20 build/default/production/zTimer4.o
 .debug_aranges
                0x00000178       0x20 c:/program files (x86)/microchip/xc32/v2.30/bin/bin/../../lib/gcc/pic32mx/4.8.3/../../../../pic32mx/lib\libmchp_peripheral.a(read_core_timer_lib.o)
 .debug_aranges
                0x00000198       0x20 c:/program files (x86)/microchip/xc32/v2.30/bin/bin/../../lib/gcc/pic32mx/4.8.3/../../../../pic32mx/lib\libmchp_peripheral.a(write_core_timer_lib.o)
 .debug_aranges
                0x000001b8       0x20 c:/program files (x86)/microchip/xc32/v2.30/bin/bin/../../lib/gcc/pic32mx/4.8.3/../../../../pic32mx/lib\libmchp_peripheral_32MX250F128B.a(int_disable_interrupts_lib.o)
 .debug_aranges
                0x000001d8       0x20 c:/program files (x86)/microchip/xc32/v2.30/bin/bin/../../lib/gcc/pic32mx/4.8.3/../../../../pic32mx/lib\libmchp_peripheral_32MX250F128B.a(int_restore_interrupts_lib.o)
 .debug_aranges
                0x000001f8       0x20 c:/program files (x86)/microchip/xc32/v2.30/bin/bin/../../lib/gcc/pic32mx/4.8.3/../../../../pic32mx/lib\libmchp_peripheral_32MX250F128B.a(int_enable_mv_int_lib.o)
 .debug_aranges
                0x00000218       0x60 c:/program files (x86)/microchip/xc32/v2.30/bin/bin/../../lib/gcc/pic32mx/4.8.3/../../../../pic32mx/lib\libmchp_peripheral_32MX250F128B.a(int_tbl_lib.o)
 .debug_aranges
                0x00000278       0x20 c:/program files (x86)/microchip/xc32/v2.30/bin/bin/../../lib/gcc/pic32mx/4.8.3/../../../../pic32mx/lib\libmchp_peripheral_32MX250F128B.a(spi_chn_open_lib.o)
 .debug_aranges
                0x00000298       0x20 c:/program files (x86)/microchip/xc32/v2.30/bin/bin/../../lib/gcc/pic32mx/4.8.3/../../../../pic32mx/lib\libmchp_peripheral_32MX250F128B.a(int_enable_interrupts_lib.o)
 .debug_aranges
                0x000002b8       0x20 c:/program files (x86)/microchip/xc32/v2.30/bin/bin/../../lib/gcc/pic32mx/4.8.3/../../../../pic32mx/lib\libpic32.a(default-bootstrap-exception-handler.o)
 .debug_aranges
                0x000002d8       0x20 c:/program files (x86)/microchip/xc32/v2.30/bin/bin/../../lib/gcc/pic32mx/4.8.3/../../../../pic32mx/lib\libpic32.a(default-on-reset.o)
 .debug_aranges
                0x000002f8       0x20 c:/program files (x86)/microchip/xc32/v2.30/bin/bin/../../lib/gcc/pic32mx/4.8.3/../../../../pic32mx/lib\libpic32.a(default-on-bootstrap.o)
 .debug_aranges
                0x00000318       0x20 c:/program files (x86)/microchip/xc32/v2.30/bin/bin/../../lib/gcc/pic32mx/4.8.3/../../../../pic32mx/lib\libpic32.a(default-general-exception-handler.o)
 .debug_aranges
                0x00000338       0x20 c:/program files (x86)/microchip/xc32/v2.30/bin/bin/../../lib/gcc/pic32mx/4.8.3/../../../../pic32mx/lib\libpic32.a(defaultinterrupt.o)
 .debug_aranges
                0x00000358       0x20 c:/program files (x86)/microchip/xc32/v2.30/bin/bin/../../lib/gcc/pic32mx/4.8.3/../../../../pic32mx/lib\libm.a(__strtod.o)
 .debug_aranges
                0x00000378       0x20 c:/program files (x86)/microchip/xc32/v2.30/bin/bin/../../lib/gcc/pic32mx/4.8.3/../../../../pic32mx/lib\libm.a(__strtof.o)
 .debug_aranges
                0x00000398       0x20 c:/program files (x86)/microchip/xc32/v2.30/bin/bin/../../lib/gcc/pic32mx/4.8.3/../../../../pic32mx/lib\libe.a(_ldexp.o)
 .debug_aranges
                0x000003b8       0x20 c:/program files (x86)/microchip/xc32/v2.30/bin/bin/../../lib/gcc/pic32mx/4.8.3/../../../../pic32mx/lib\libe.a(_ldexpf.o)
 .debug_aranges
                0x000003d8       0x20 c:/program files (x86)/microchip/xc32/v2.30/bin/bin/../../lib/gcc/pic32mx/4.8.3\libgcc.a(_lshrdi3.o)
 .debug_aranges
                0x000003f8       0x20 c:/program files (x86)/microchip/xc32/v2.30/bin/bin/../../lib/gcc/pic32mx/4.8.3\libgcc.a(_ashldi3.o)
 .debug_aranges
                0x00000418       0x20 c:/program files (x86)/microchip/xc32/v2.30/bin/bin/../../lib/gcc/pic32mx/4.8.3\libgcc.a(_divdi3.o)
 .debug_aranges
                0x00000438       0x20 c:/program files (x86)/microchip/xc32/v2.30/bin/bin/../../lib/gcc/pic32mx/4.8.3\libgcc.a(_udivdi3.o)
 .debug_aranges
                0x00000458       0x20 c:/program files (x86)/microchip/xc32/v2.30/bin/bin/../../lib/gcc/pic32mx/4.8.3\libgcc.a(_umoddi3.o)
 .debug_aranges
                0x00000478       0x40 c:/program files (x86)/microchip/xc32/v2.30/bin/bin/../../lib/gcc/pic32mx/4.8.3/../../../../pic32mx/lib\libpic32.a(sbrk.o)
 .debug_aranges
                0x000004b8       0x20 c:/program files (x86)/microchip/xc32/v2.30/bin/bin/../../lib/gcc/pic32mx/4.8.3/../../../../pic32mx/lib\libpic32.a(_exit.o)
 .debug_aranges
                0x000004d8       0x20 c:/program files (x86)/microchip/xc32/v2.30/bin/bin/../../lib/gcc/pic32mx/4.8.3/../../../../pic32mx/lib\libpic32.a(isatty.o)
 .debug_aranges
                0x000004f8       0x20 c:/program files (x86)/microchip/xc32/v2.30/bin/bin/../../lib/gcc/pic32mx/4.8.3/../../../../pic32mx/lib\libpic32.a(_mon_getc.o)
 .debug_aranges
                0x00000518       0x20 c:/program files (x86)/microchip/xc32/v2.30/bin/bin/../../lib/gcc/pic32mx/4.8.3/../../../../pic32mx/lib\libpic32.a(_mon_write.o)
 .debug_aranges
                0x00000538       0x20 c:/program files (x86)/microchip/xc32/v2.30/bin/bin/../../lib/gcc/pic32mx/4.8.3/../../../../pic32mx/lib\libpic32.a(_mon_putc.o)

.debug_pubnames
 *(.debug_pubnames)

.debug_info     0x00000000     0xff0c
 *(.debug_info .gnu.linkonce.wi.*)
 .debug_info    0x00000000      0xdb4 build/default/production/main.o
 .debug_info    0x00000db4     0x12b0 build/default/production/inputCapture.o
 .debug_info    0x00002064     0x1a8a build/default/production/uart1.o
 .debug_info    0x00003aee      0xfb0 build/default/production/PID.o
 .debug_info    0x00004a9e     0x12f8 build/default/production/tft_display.o
 .debug_info    0x00005d96      0xec4 build/default/production/outputCompare.o
 .debug_info    0x00006c5a     0x195a build/default/production/tft_gfx.o
 .debug_info    0x000085b4     0x192c build/default/production/tft_master.o
 .debug_info    0x00009ee0      0xfa7 build/default/production/TouchScreen.o
 .debug_info    0x0000ae87     0x109d build/default/production/adc_intf.o
 .debug_info    0x0000bf24       0xba build/default/production/glcdfont.o
 .debug_info    0x0000bfde      0xf8a build/default/production/zTimer4.o
 .debug_info    0x0000cf68       0xa8 c:/program files (x86)/microchip/xc32/v2.30/bin/bin/../../lib/gcc/pic32mx/4.8.3/../../../../pic32mx/lib\libmchp_peripheral.a(read_core_timer_lib.o)
 .debug_info    0x0000d010       0xaa c:/program files (x86)/microchip/xc32/v2.30/bin/bin/../../lib/gcc/pic32mx/4.8.3/../../../../pic32mx/lib\libmchp_peripheral.a(write_core_timer_lib.o)
 .debug_info    0x0000d0ba       0xb4 c:/program files (x86)/microchip/xc32/v2.30/bin/bin/../../lib/gcc/pic32mx/4.8.3/../../../../pic32mx/lib\libmchp_peripheral_32MX250F128B.a(int_disable_interrupts_lib.o)
 .debug_info    0x0000d16e       0xb4 c:/program files (x86)/microchip/xc32/v2.30/bin/bin/../../lib/gcc/pic32mx/4.8.3/../../../../pic32mx/lib\libmchp_peripheral_32MX250F128B.a(int_restore_interrupts_lib.o)
 .debug_info    0x0000d222       0xba c:/program files (x86)/microchip/xc32/v2.30/bin/bin/../../lib/gcc/pic32mx/4.8.3/../../../../pic32mx/lib\libmchp_peripheral_32MX250F128B.a(int_enable_mv_int_lib.o)
 .debug_info    0x0000d2dc      0x19c c:/program files (x86)/microchip/xc32/v2.30/bin/bin/../../lib/gcc/pic32mx/4.8.3/../../../../pic32mx/lib\libmchp_peripheral_32MX250F128B.a(int_tbl_lib.o)
 .debug_info    0x0000d478       0xa0 c:/program files (x86)/microchip/xc32/v2.30/bin/bin/../../lib/gcc/pic32mx/4.8.3/../../../../pic32mx/lib\libmchp_peripheral_32MX250F128B.a(spi_chn_open_lib.o)
 .debug_info    0x0000d518       0xb2 c:/program files (x86)/microchip/xc32/v2.30/bin/bin/../../lib/gcc/pic32mx/4.8.3/../../../../pic32mx/lib\libmchp_peripheral_32MX250F128B.a(int_enable_interrupts_lib.o)
 .debug_info    0x0000d5ca       0xf4 c:/program files (x86)/microchip/xc32/v2.30/bin/bin/../../lib/gcc/pic32mx/4.8.3/../../../../pic32mx/lib\libpic32.a(default-bootstrap-exception-handler.o)
 .debug_info    0x0000d6be       0xcd c:/program files (x86)/microchip/xc32/v2.30/bin/bin/../../lib/gcc/pic32mx/4.8.3/../../../../pic32mx/lib\libpic32.a(default-on-reset.o)
 .debug_info    0x0000d78b       0xd5 c:/program files (x86)/microchip/xc32/v2.30/bin/bin/../../lib/gcc/pic32mx/4.8.3/../../../../pic32mx/lib\libpic32.a(default-on-bootstrap.o)
 .debug_info    0x0000d860       0xf0 c:/program files (x86)/microchip/xc32/v2.30/bin/bin/../../lib/gcc/pic32mx/4.8.3/../../../../pic32mx/lib\libpic32.a(default-general-exception-handler.o)
 .debug_info    0x0000d950       0xe7 c:/program files (x86)/microchip/xc32/v2.30/bin/bin/../../lib/gcc/pic32mx/4.8.3/../../../../pic32mx/lib\libpic32.a(defaultinterrupt.o)
 .debug_info    0x0000da37       0xd8 c:/program files (x86)/microchip/xc32/v2.30/bin/bin/../../lib/gcc/pic32mx/4.8.3/../../../../pic32mx/lib\libm.a(__strtod.o)
 .debug_info    0x0000db0f       0xd8 c:/program files (x86)/microchip/xc32/v2.30/bin/bin/../../lib/gcc/pic32mx/4.8.3/../../../../pic32mx/lib\libm.a(__strtof.o)
 .debug_info    0x0000dbe7       0xd9 c:/program files (x86)/microchip/xc32/v2.30/bin/bin/../../lib/gcc/pic32mx/4.8.3/../../../../pic32mx/lib\libe.a(_ldexp.o)
 .debug_info    0x0000dcc0       0xd9 c:/program files (x86)/microchip/xc32/v2.30/bin/bin/../../lib/gcc/pic32mx/4.8.3/../../../../pic32mx/lib\libe.a(_ldexpf.o)
 .debug_info    0x0000dd99      0x30c c:/program files (x86)/microchip/xc32/v2.30/bin/bin/../../lib/gcc/pic32mx/4.8.3\libgcc.a(_lshrdi3.o)
 .debug_info    0x0000e0a5      0x30f c:/program files (x86)/microchip/xc32/v2.30/bin/bin/../../lib/gcc/pic32mx/4.8.3\libgcc.a(_ashldi3.o)
 .debug_info    0x0000e3b4      0x77f c:/program files (x86)/microchip/xc32/v2.30/bin/bin/../../lib/gcc/pic32mx/4.8.3\libgcc.a(_divdi3.o)
 .debug_info    0x0000eb33      0x74b c:/program files (x86)/microchip/xc32/v2.30/bin/bin/../../lib/gcc/pic32mx/4.8.3\libgcc.a(_udivdi3.o)
 .debug_info    0x0000f27e      0x788 c:/program files (x86)/microchip/xc32/v2.30/bin/bin/../../lib/gcc/pic32mx/4.8.3\libgcc.a(_umoddi3.o)
 .debug_info    0x0000fa06      0x131 c:/program files (x86)/microchip/xc32/v2.30/bin/bin/../../lib/gcc/pic32mx/4.8.3/../../../../pic32mx/lib\libpic32.a(sbrk.o)
 .debug_info    0x0000fb37       0xbe c:/program files (x86)/microchip/xc32/v2.30/bin/bin/../../lib/gcc/pic32mx/4.8.3/../../../../pic32mx/lib\libpic32.a(_exit.o)
 .debug_info    0x0000fbf5       0xc0 c:/program files (x86)/microchip/xc32/v2.30/bin/bin/../../lib/gcc/pic32mx/4.8.3/../../../../pic32mx/lib\libpic32.a(isatty.o)
 .debug_info    0x0000fcb5       0xc7 c:/program files (x86)/microchip/xc32/v2.30/bin/bin/../../lib/gcc/pic32mx/4.8.3/../../../../pic32mx/lib\libpic32.a(_mon_getc.o)
 .debug_info    0x0000fd7c       0xc9 c:/program files (x86)/microchip/xc32/v2.30/bin/bin/../../lib/gcc/pic32mx/4.8.3/../../../../pic32mx/lib\libpic32.a(_mon_write.o)
 .debug_info    0x0000fe45       0xc7 c:/program files (x86)/microchip/xc32/v2.30/bin/bin/../../lib/gcc/pic32mx/4.8.3/../../../../pic32mx/lib\libpic32.a(_mon_putc.o)

.debug_abbrev   0x00000000     0x1d3b
 *(.debug_abbrev)
 .debug_abbrev  0x00000000      0x15d build/default/production/main.o
 .debug_abbrev  0x0000015d      0x187 build/default/production/inputCapture.o
 .debug_abbrev  0x000002e4      0x1a3 build/default/production/uart1.o
 .debug_abbrev  0x00000487      0x1e6 build/default/production/PID.o
 .debug_abbrev  0x0000066d      0x2ec build/default/production/tft_display.o
 .debug_abbrev  0x00000959      0x16c build/default/production/outputCompare.o
 .debug_abbrev  0x00000ac5      0x20c build/default/production/tft_gfx.o
 .debug_abbrev  0x00000cd1      0x219 build/default/production/tft_master.o
 .debug_abbrev  0x00000eea      0x1a7 build/default/production/TouchScreen.o
 .debug_abbrev  0x00001091      0x179 build/default/production/adc_intf.o
 .debug_abbrev  0x0000120a       0x43 build/default/production/glcdfont.o
 .debug_abbrev  0x0000124d      0x19a build/default/production/zTimer4.o
 .debug_abbrev  0x000013e7       0x28 c:/program files (x86)/microchip/xc32/v2.30/bin/bin/../../lib/gcc/pic32mx/4.8.3/../../../../pic32mx/lib\libmchp_peripheral.a(read_core_timer_lib.o)
 .debug_abbrev  0x0000140f       0x28 c:/program files (x86)/microchip/xc32/v2.30/bin/bin/../../lib/gcc/pic32mx/4.8.3/../../../../pic32mx/lib\libmchp_peripheral.a(write_core_timer_lib.o)
 .debug_abbrev  0x00001437       0x28 c:/program files (x86)/microchip/xc32/v2.30/bin/bin/../../lib/gcc/pic32mx/4.8.3/../../../../pic32mx/lib\libmchp_peripheral_32MX250F128B.a(int_disable_interrupts_lib.o)
 .debug_abbrev  0x0000145f       0x28 c:/program files (x86)/microchip/xc32/v2.30/bin/bin/../../lib/gcc/pic32mx/4.8.3/../../../../pic32mx/lib\libmchp_peripheral_32MX250F128B.a(int_restore_interrupts_lib.o)
 .debug_abbrev  0x00001487       0x28 c:/program files (x86)/microchip/xc32/v2.30/bin/bin/../../lib/gcc/pic32mx/4.8.3/../../../../pic32mx/lib\libmchp_peripheral_32MX250F128B.a(int_enable_mv_int_lib.o)
 .debug_abbrev  0x000014af       0x28 c:/program files (x86)/microchip/xc32/v2.30/bin/bin/../../lib/gcc/pic32mx/4.8.3/../../../../pic32mx/lib\libmchp_peripheral_32MX250F128B.a(int_tbl_lib.o)
 .debug_abbrev  0x000014d7       0x28 c:/program files (x86)/microchip/xc32/v2.30/bin/bin/../../lib/gcc/pic32mx/4.8.3/../../../../pic32mx/lib\libmchp_peripheral_32MX250F128B.a(spi_chn_open_lib.o)
 .debug_abbrev  0x000014ff       0x28 c:/program files (x86)/microchip/xc32/v2.30/bin/bin/../../lib/gcc/pic32mx/4.8.3/../../../../pic32mx/lib\libmchp_peripheral_32MX250F128B.a(int_enable_interrupts_lib.o)
 .debug_abbrev  0x00001527       0x28 c:/program files (x86)/microchip/xc32/v2.30/bin/bin/../../lib/gcc/pic32mx/4.8.3/../../../../pic32mx/lib\libpic32.a(default-bootstrap-exception-handler.o)
 .debug_abbrev  0x0000154f       0x28 c:/program files (x86)/microchip/xc32/v2.30/bin/bin/../../lib/gcc/pic32mx/4.8.3/../../../../pic32mx/lib\libpic32.a(default-on-reset.o)
 .debug_abbrev  0x00001577       0x28 c:/program files (x86)/microchip/xc32/v2.30/bin/bin/../../lib/gcc/pic32mx/4.8.3/../../../../pic32mx/lib\libpic32.a(default-on-bootstrap.o)
 .debug_abbrev  0x0000159f       0x28 c:/program files (x86)/microchip/xc32/v2.30/bin/bin/../../lib/gcc/pic32mx/4.8.3/../../../../pic32mx/lib\libpic32.a(default-general-exception-handler.o)
 .debug_abbrev  0x000015c7       0x28 c:/program files (x86)/microchip/xc32/v2.30/bin/bin/../../lib/gcc/pic32mx/4.8.3/../../../../pic32mx/lib\libpic32.a(defaultinterrupt.o)
 .debug_abbrev  0x000015ef       0x35 c:/program files (x86)/microchip/xc32/v2.30/bin/bin/../../lib/gcc/pic32mx/4.8.3/../../../../pic32mx/lib\libm.a(__strtod.o)
 .debug_abbrev  0x00001624       0x35 c:/program files (x86)/microchip/xc32/v2.30/bin/bin/../../lib/gcc/pic32mx/4.8.3/../../../../pic32mx/lib\libm.a(__strtof.o)
 .debug_abbrev  0x00001659       0x35 c:/program files (x86)/microchip/xc32/v2.30/bin/bin/../../lib/gcc/pic32mx/4.8.3/../../../../pic32mx/lib\libe.a(_ldexp.o)
 .debug_abbrev  0x0000168e       0x35 c:/program files (x86)/microchip/xc32/v2.30/bin/bin/../../lib/gcc/pic32mx/4.8.3/../../../../pic32mx/lib\libe.a(_ldexpf.o)
 .debug_abbrev  0x000016c3       0xd7 c:/program files (x86)/microchip/xc32/v2.30/bin/bin/../../lib/gcc/pic32mx/4.8.3\libgcc.a(_lshrdi3.o)
 .debug_abbrev  0x0000179a       0xc8 c:/program files (x86)/microchip/xc32/v2.30/bin/bin/../../lib/gcc/pic32mx/4.8.3\libgcc.a(_ashldi3.o)
 .debug_abbrev  0x00001862      0x13e c:/program files (x86)/microchip/xc32/v2.30/bin/bin/../../lib/gcc/pic32mx/4.8.3\libgcc.a(_divdi3.o)
 .debug_abbrev  0x000019a0      0x138 c:/program files (x86)/microchip/xc32/v2.30/bin/bin/../../lib/gcc/pic32mx/4.8.3\libgcc.a(_udivdi3.o)
 .debug_abbrev  0x00001ad8      0x147 c:/program files (x86)/microchip/xc32/v2.30/bin/bin/../../lib/gcc/pic32mx/4.8.3\libgcc.a(_umoddi3.o)
 .debug_abbrev  0x00001c1f       0x54 c:/program files (x86)/microchip/xc32/v2.30/bin/bin/../../lib/gcc/pic32mx/4.8.3/../../../../pic32mx/lib\libpic32.a(sbrk.o)
 .debug_abbrev  0x00001c73       0x28 c:/program files (x86)/microchip/xc32/v2.30/bin/bin/../../lib/gcc/pic32mx/4.8.3/../../../../pic32mx/lib\libpic32.a(_exit.o)
 .debug_abbrev  0x00001c9b       0x28 c:/program files (x86)/microchip/xc32/v2.30/bin/bin/../../lib/gcc/pic32mx/4.8.3/../../../../pic32mx/lib\libpic32.a(isatty.o)
 .debug_abbrev  0x00001cc3       0x28 c:/program files (x86)/microchip/xc32/v2.30/bin/bin/../../lib/gcc/pic32mx/4.8.3/../../../../pic32mx/lib\libpic32.a(_mon_getc.o)
 .debug_abbrev  0x00001ceb       0x28 c:/program files (x86)/microchip/xc32/v2.30/bin/bin/../../lib/gcc/pic32mx/4.8.3/../../../../pic32mx/lib\libpic32.a(_mon_write.o)
 .debug_abbrev  0x00001d13       0x28 c:/program files (x86)/microchip/xc32/v2.30/bin/bin/../../lib/gcc/pic32mx/4.8.3/../../../../pic32mx/lib\libpic32.a(_mon_putc.o)

.debug_line     0x00000000     0x2b55
 *(.debug_line)
 .debug_line    0x00000000      0x1d2 build/default/production/main.o
 .debug_line    0x000001d2      0x207 build/default/production/inputCapture.o
 .debug_line    0x000003d9      0x238 build/default/production/uart1.o
 .debug_line    0x00000611      0x203 build/default/production/PID.o
 .debug_line    0x00000814      0x2d3 build/default/production/tft_display.o
 .debug_line    0x00000ae7      0x1e2 build/default/production/outputCompare.o
 .debug_line    0x00000cc9      0x435 build/default/production/tft_gfx.o
 .debug_line    0x000010fe      0x394 build/default/production/tft_master.o
 .debug_line    0x00001492      0x23a build/default/production/TouchScreen.o
 .debug_line    0x000016cc      0x1e3 build/default/production/adc_intf.o
 .debug_line    0x000018af       0x5d build/default/production/glcdfont.o
 .debug_line    0x0000190c      0x1fe build/default/production/zTimer4.o
 .debug_line    0x00001b0a       0x6b c:/program files (x86)/microchip/xc32/v2.30/bin/bin/../../lib/gcc/pic32mx/4.8.3/../../../../pic32mx/lib\libmchp_peripheral.a(read_core_timer_lib.o)
 .debug_line    0x00001b75       0x6c c:/program files (x86)/microchip/xc32/v2.30/bin/bin/../../lib/gcc/pic32mx/4.8.3/../../../../pic32mx/lib\libmchp_peripheral.a(write_core_timer_lib.o)
 .debug_line    0x00001be1       0x70 c:/program files (x86)/microchip/xc32/v2.30/bin/bin/../../lib/gcc/pic32mx/4.8.3/../../../../pic32mx/lib\libmchp_peripheral_32MX250F128B.a(int_disable_interrupts_lib.o)
 .debug_line    0x00001c51       0x70 c:/program files (x86)/microchip/xc32/v2.30/bin/bin/../../lib/gcc/pic32mx/4.8.3/../../../../pic32mx/lib\libmchp_peripheral_32MX250F128B.a(int_restore_interrupts_lib.o)
 .debug_line    0x00001cc1       0x6b c:/program files (x86)/microchip/xc32/v2.30/bin/bin/../../lib/gcc/pic32mx/4.8.3/../../../../pic32mx/lib\libmchp_peripheral_32MX250F128B.a(int_enable_mv_int_lib.o)
 .debug_line    0x00001d2c       0x61 c:/program files (x86)/microchip/xc32/v2.30/bin/bin/../../lib/gcc/pic32mx/4.8.3/../../../../pic32mx/lib\libmchp_peripheral_32MX250F128B.a(int_tbl_lib.o)
 .debug_line    0x00001d8d       0x66 c:/program files (x86)/microchip/xc32/v2.30/bin/bin/../../lib/gcc/pic32mx/4.8.3/../../../../pic32mx/lib\libmchp_peripheral_32MX250F128B.a(spi_chn_open_lib.o)
 .debug_line    0x00001df3        0x0 c:/program files (x86)/microchip/xc32/v2.30/bin/bin/../../lib/gcc/pic32mx/4.8.3/../../../../pic32mx/lib\libmchp_peripheral_32MX250F128B.a(spi_map_tbl_libp.o)
 .debug_line    0x00001df3       0x6f c:/program files (x86)/microchip/xc32/v2.30/bin/bin/../../lib/gcc/pic32mx/4.8.3/../../../../pic32mx/lib\libmchp_peripheral_32MX250F128B.a(int_enable_interrupts_lib.o)
 .debug_line    0x00001e62       0xa6 c:/program files (x86)/microchip/xc32/v2.30/bin/bin/../../lib/gcc/pic32mx/4.8.3/../../../../pic32mx/lib\libpic32.a(default-bootstrap-exception-handler.o)
 .debug_line    0x00001f08       0x93 c:/program files (x86)/microchip/xc32/v2.30/bin/bin/../../lib/gcc/pic32mx/4.8.3/../../../../pic32mx/lib\libpic32.a(default-on-reset.o)
 .debug_line    0x00001f9b       0x97 c:/program files (x86)/microchip/xc32/v2.30/bin/bin/../../lib/gcc/pic32mx/4.8.3/../../../../pic32mx/lib\libpic32.a(default-on-bootstrap.o)
 .debug_line    0x00002032       0xa4 c:/program files (x86)/microchip/xc32/v2.30/bin/bin/../../lib/gcc/pic32mx/4.8.3/../../../../pic32mx/lib\libpic32.a(default-general-exception-handler.o)
 .debug_line    0x000020d6       0xa5 c:/program files (x86)/microchip/xc32/v2.30/bin/bin/../../lib/gcc/pic32mx/4.8.3/../../../../pic32mx/lib\libpic32.a(defaultinterrupt.o)
 .debug_line    0x0000217b       0x88 c:/program files (x86)/microchip/xc32/v2.30/bin/bin/../../lib/gcc/pic32mx/4.8.3/../../../../pic32mx/lib\libm.a(__strtod.o)
 .debug_line    0x00002203       0x88 c:/program files (x86)/microchip/xc32/v2.30/bin/bin/../../lib/gcc/pic32mx/4.8.3/../../../../pic32mx/lib\libm.a(__strtof.o)
 .debug_line    0x0000228b       0xa2 c:/program files (x86)/microchip/xc32/v2.30/bin/bin/../../lib/gcc/pic32mx/4.8.3/../../../../pic32mx/lib\libe.a(_ldexp.o)
 .debug_line    0x0000232d       0xa2 c:/program files (x86)/microchip/xc32/v2.30/bin/bin/../../lib/gcc/pic32mx/4.8.3/../../../../pic32mx/lib\libe.a(_ldexpf.o)
 .debug_line    0x000023cf       0xa5 c:/program files (x86)/microchip/xc32/v2.30/bin/bin/../../lib/gcc/pic32mx/4.8.3\libgcc.a(_lshrdi3.o)
 .debug_line    0x00002474       0xa5 c:/program files (x86)/microchip/xc32/v2.30/bin/bin/../../lib/gcc/pic32mx/4.8.3\libgcc.a(_ashldi3.o)
 .debug_line    0x00002519       0xff c:/program files (x86)/microchip/xc32/v2.30/bin/bin/../../lib/gcc/pic32mx/4.8.3\libgcc.a(_divdi3.o)
 .debug_line    0x00002618       0xf7 c:/program files (x86)/microchip/xc32/v2.30/bin/bin/../../lib/gcc/pic32mx/4.8.3\libgcc.a(_udivdi3.o)
 .debug_line    0x0000270f      0x109 c:/program files (x86)/microchip/xc32/v2.30/bin/bin/../../lib/gcc/pic32mx/4.8.3\libgcc.a(_umoddi3.o)
 .debug_line    0x00002818       0x87 c:/program files (x86)/microchip/xc32/v2.30/bin/bin/../../lib/gcc/pic32mx/4.8.3/../../../../pic32mx/lib\libpic32.a(sbrk.o)
 .debug_line    0x0000289f       0x88 c:/program files (x86)/microchip/xc32/v2.30/bin/bin/../../lib/gcc/pic32mx/4.8.3/../../../../pic32mx/lib\libpic32.a(_exit.o)
 .debug_line    0x00002927       0x89 c:/program files (x86)/microchip/xc32/v2.30/bin/bin/../../lib/gcc/pic32mx/4.8.3/../../../../pic32mx/lib\libpic32.a(isatty.o)
 .debug_line    0x000029b0       0x8c c:/program files (x86)/microchip/xc32/v2.30/bin/bin/../../lib/gcc/pic32mx/4.8.3/../../../../pic32mx/lib\libpic32.a(_mon_getc.o)
 .debug_line    0x00002a3c       0x8d c:/program files (x86)/microchip/xc32/v2.30/bin/bin/../../lib/gcc/pic32mx/4.8.3/../../../../pic32mx/lib\libpic32.a(_mon_write.o)
 .debug_line    0x00002ac9        0x0 c:/program files (x86)/microchip/xc32/v2.30/bin/bin/../../lib/gcc/pic32mx/4.8.3/../../../../pic32mx/lib\libpic32.a(xc32_uart.o)
 .debug_line    0x00002ac9       0x8c c:/program files (x86)/microchip/xc32/v2.30/bin/bin/../../lib/gcc/pic32mx/4.8.3/../../../../pic32mx/lib\libpic32.a(_mon_putc.o)

.debug_frame    0x00000000     0x111c
 *(.debug_frame)
 .debug_frame   0x00000000       0x2c build/default/production/main.o
 .debug_frame   0x0000002c       0x98 build/default/production/inputCapture.o
 .debug_frame   0x000000c4       0xc8 build/default/production/uart1.o
 .debug_frame   0x0000018c       0xdc build/default/production/PID.o
 .debug_frame   0x00000268       0xc4 build/default/production/tft_display.o
 .debug_frame   0x0000032c       0x70 build/default/production/outputCompare.o
 .debug_frame   0x0000039c      0x328 build/default/production/tft_gfx.o
 .debug_frame   0x000006c4      0x310 build/default/production/tft_master.o
 .debug_frame   0x000009d4       0x78 build/default/production/TouchScreen.o
 .debug_frame   0x00000a4c       0x74 build/default/production/adc_intf.o
 .debug_frame   0x00000ac0      0x11c build/default/production/zTimer4.o
 .debug_frame   0x00000bdc       0x20 c:/program files (x86)/microchip/xc32/v2.30/bin/bin/../../lib/gcc/pic32mx/4.8.3/../../../../pic32mx/lib\libmchp_peripheral.a(read_core_timer_lib.o)
 .debug_frame   0x00000bfc       0x20 c:/program files (x86)/microchip/xc32/v2.30/bin/bin/../../lib/gcc/pic32mx/4.8.3/../../../../pic32mx/lib\libmchp_peripheral.a(write_core_timer_lib.o)
 .debug_frame   0x00000c1c       0x20 c:/program files (x86)/microchip/xc32/v2.30/bin/bin/../../lib/gcc/pic32mx/4.8.3/../../../../pic32mx/lib\libmchp_peripheral_32MX250F128B.a(int_disable_interrupts_lib.o)
 .debug_frame   0x00000c3c       0x20 c:/program files (x86)/microchip/xc32/v2.30/bin/bin/../../lib/gcc/pic32mx/4.8.3/../../../../pic32mx/lib\libmchp_peripheral_32MX250F128B.a(int_restore_interrupts_lib.o)
 .debug_frame   0x00000c5c       0x28 c:/program files (x86)/microchip/xc32/v2.30/bin/bin/../../lib/gcc/pic32mx/4.8.3/../../../../pic32mx/lib\libmchp_peripheral_32MX250F128B.a(int_enable_mv_int_lib.o)
 .debug_frame   0x00000c84       0xa0 c:/program files (x86)/microchip/xc32/v2.30/bin/bin/../../lib/gcc/pic32mx/4.8.3/../../../../pic32mx/lib\libmchp_peripheral_32MX250F128B.a(int_tbl_lib.o)
 .debug_frame   0x00000d24       0x30 c:/program files (x86)/microchip/xc32/v2.30/bin/bin/../../lib/gcc/pic32mx/4.8.3/../../../../pic32mx/lib\libmchp_peripheral_32MX250F128B.a(spi_chn_open_lib.o)
 .debug_frame   0x00000d54       0x20 c:/program files (x86)/microchip/xc32/v2.30/bin/bin/../../lib/gcc/pic32mx/4.8.3/../../../../pic32mx/lib\libmchp_peripheral_32MX250F128B.a(int_enable_interrupts_lib.o)
 .debug_frame   0x00000d74       0x2c c:/program files (x86)/microchip/xc32/v2.30/bin/bin/../../lib/gcc/pic32mx/4.8.3/../../../../pic32mx/lib\libpic32.a(default-bootstrap-exception-handler.o)
 .debug_frame   0x00000da0       0x20 c:/program files (x86)/microchip/xc32/v2.30/bin/bin/../../lib/gcc/pic32mx/4.8.3/../../../../pic32mx/lib\libpic32.a(default-on-reset.o)
 .debug_frame   0x00000dc0       0x20 c:/program files (x86)/microchip/xc32/v2.30/bin/bin/../../lib/gcc/pic32mx/4.8.3/../../../../pic32mx/lib\libpic32.a(default-on-bootstrap.o)
 .debug_frame   0x00000de0       0x2c c:/program files (x86)/microchip/xc32/v2.30/bin/bin/../../lib/gcc/pic32mx/4.8.3/../../../../pic32mx/lib\libpic32.a(default-general-exception-handler.o)
 .debug_frame   0x00000e0c       0x20 c:/program files (x86)/microchip/xc32/v2.30/bin/bin/../../lib/gcc/pic32mx/4.8.3/../../../../pic32mx/lib\libpic32.a(defaultinterrupt.o)
 .debug_frame   0x00000e2c       0x40 c:/program files (x86)/microchip/xc32/v2.30/bin/bin/../../lib/gcc/pic32mx/4.8.3/../../../../pic32mx/lib\libm.a(__strtod.o)
 .debug_frame   0x00000e6c       0x40 c:/program files (x86)/microchip/xc32/v2.30/bin/bin/../../lib/gcc/pic32mx/4.8.3/../../../../pic32mx/lib\libm.a(__strtof.o)
 .debug_frame   0x00000eac       0x34 c:/program files (x86)/microchip/xc32/v2.30/bin/bin/../../lib/gcc/pic32mx/4.8.3/../../../../pic32mx/lib\libe.a(_ldexp.o)
 .debug_frame   0x00000ee0       0x20 c:/program files (x86)/microchip/xc32/v2.30/bin/bin/../../lib/gcc/pic32mx/4.8.3/../../../../pic32mx/lib\libe.a(_ldexpf.o)
 .debug_frame   0x00000f00       0x20 c:/program files (x86)/microchip/xc32/v2.30/bin/bin/../../lib/gcc/pic32mx/4.8.3\libgcc.a(_lshrdi3.o)
 .debug_frame   0x00000f20       0x20 c:/program files (x86)/microchip/xc32/v2.30/bin/bin/../../lib/gcc/pic32mx/4.8.3\libgcc.a(_ashldi3.o)
 .debug_frame   0x00000f40       0x20 c:/program files (x86)/microchip/xc32/v2.30/bin/bin/../../lib/gcc/pic32mx/4.8.3\libgcc.a(_divdi3.o)
 .debug_frame   0x00000f60       0x20 c:/program files (x86)/microchip/xc32/v2.30/bin/bin/../../lib/gcc/pic32mx/4.8.3\libgcc.a(_udivdi3.o)
 .debug_frame   0x00000f80       0x20 c:/program files (x86)/microchip/xc32/v2.30/bin/bin/../../lib/gcc/pic32mx/4.8.3\libgcc.a(_umoddi3.o)
 .debug_frame   0x00000fa0       0xa4 c:/program files (x86)/microchip/xc32/v2.30/bin/bin/../../lib/gcc/pic32mx/4.8.3/../../../../pic32mx/lib\libpic32.a(sbrk.o)
 .debug_frame   0x00001044       0x20 c:/program files (x86)/microchip/xc32/v2.30/bin/bin/../../lib/gcc/pic32mx/4.8.3/../../../../pic32mx/lib\libpic32.a(_exit.o)
 .debug_frame   0x00001064       0x20 c:/program files (x86)/microchip/xc32/v2.30/bin/bin/../../lib/gcc/pic32mx/4.8.3/../../../../pic32mx/lib\libpic32.a(isatty.o)
 .debug_frame   0x00001084       0x34 c:/program files (x86)/microchip/xc32/v2.30/bin/bin/../../lib/gcc/pic32mx/4.8.3/../../../../pic32mx/lib\libpic32.a(_mon_getc.o)
 .debug_frame   0x000010b8       0x30 c:/program files (x86)/microchip/xc32/v2.30/bin/bin/../../lib/gcc/pic32mx/4.8.3/../../../../pic32mx/lib\libpic32.a(_mon_write.o)
 .debug_frame   0x000010e8       0x34 c:/program files (x86)/microchip/xc32/v2.30/bin/bin/../../lib/gcc/pic32mx/4.8.3/../../../../pic32mx/lib\libpic32.a(_mon_putc.o)

.debug_str      0x00000000       0x3f
 *(.debug_str)
 .debug_str     0x00000000        0x0 build/default/production/main.o
 .debug_str     0x00000000        0x0 build/default/production/inputCapture.o
 .debug_str     0x00000000        0x0 build/default/production/uart1.o
 .debug_str     0x00000000        0x0 build/default/production/PID.o
 .debug_str     0x00000000       0x28 build/default/production/tft_display.o
 .debug_str     0x00000028        0x0 build/default/production/outputCompare.o
 .debug_str     0x00000028       0x11 build/default/production/tft_gfx.o
 .debug_str     0x00000039        0x6 build/default/production/tft_master.o
 .debug_str     0x0000003f        0x0 build/default/production/TouchScreen.o
 .debug_str     0x0000003f        0x0 build/default/production/adc_intf.o
 .debug_str     0x0000003f        0x0 build/default/production/glcdfont.o
 .debug_str     0x0000003f        0x0 build/default/production/zTimer4.o
 .debug_str     0x0000003f        0x0 c:/program files (x86)/microchip/xc32/v2.30/bin/bin/../../lib/gcc/pic32mx/4.8.3/../../../../pic32mx/lib\libmchp_peripheral.a(read_core_timer_lib.o)
 .debug_str     0x0000003f        0x0 c:/program files (x86)/microchip/xc32/v2.30/bin/bin/../../lib/gcc/pic32mx/4.8.3/../../../../pic32mx/lib\libmchp_peripheral.a(write_core_timer_lib.o)
 .debug_str     0x0000003f        0x0 c:/program files (x86)/microchip/xc32/v2.30/bin/bin/../../lib/gcc/pic32mx/4.8.3/../../../../pic32mx/lib\libmchp_peripheral_32MX250F128B.a(int_disable_interrupts_lib.o)
 .debug_str     0x0000003f        0x0 c:/program files (x86)/microchip/xc32/v2.30/bin/bin/../../lib/gcc/pic32mx/4.8.3/../../../../pic32mx/lib\libmchp_peripheral_32MX250F128B.a(int_restore_interrupts_lib.o)
 .debug_str     0x0000003f        0x0 c:/program files (x86)/microchip/xc32/v2.30/bin/bin/../../lib/gcc/pic32mx/4.8.3/../../../../pic32mx/lib\libmchp_peripheral_32MX250F128B.a(int_enable_mv_int_lib.o)
 .debug_str     0x0000003f        0x0 c:/program files (x86)/microchip/xc32/v2.30/bin/bin/../../lib/gcc/pic32mx/4.8.3/../../../../pic32mx/lib\libmchp_peripheral_32MX250F128B.a(int_tbl_lib.o)
 .debug_str     0x0000003f        0x0 c:/program files (x86)/microchip/xc32/v2.30/bin/bin/../../lib/gcc/pic32mx/4.8.3/../../../../pic32mx/lib\libmchp_peripheral_32MX250F128B.a(spi_chn_open_lib.o)
 .debug_str     0x0000003f        0x0 c:/program files (x86)/microchip/xc32/v2.30/bin/bin/../../lib/gcc/pic32mx/4.8.3/../../../../pic32mx/lib\libmchp_peripheral_32MX250F128B.a(spi_map_tbl_libp.o)
 .debug_str     0x0000003f        0x0 c:/program files (x86)/microchip/xc32/v2.30/bin/bin/../../lib/gcc/pic32mx/4.8.3/../../../../pic32mx/lib\libmchp_peripheral_32MX250F128B.a(int_enable_interrupts_lib.o)
 .debug_str     0x0000003f        0x0 c:/program files (x86)/microchip/xc32/v2.30/bin/bin/../../lib/gcc/pic32mx/4.8.3/../../../../pic32mx/lib\libpic32.a(default-bootstrap-exception-handler.o)
 .debug_str     0x0000003f        0x0 c:/program files (x86)/microchip/xc32/v2.30/bin/bin/../../lib/gcc/pic32mx/4.8.3/../../../../pic32mx/lib\libpic32.a(default-on-reset.o)
 .debug_str     0x0000003f        0x0 c:/program files (x86)/microchip/xc32/v2.30/bin/bin/../../lib/gcc/pic32mx/4.8.3/../../../../pic32mx/lib\libpic32.a(default-on-bootstrap.o)
 .debug_str     0x0000003f        0x0 c:/program files (x86)/microchip/xc32/v2.30/bin/bin/../../lib/gcc/pic32mx/4.8.3/../../../../pic32mx/lib\libpic32.a(default-general-exception-handler.o)
 .debug_str     0x0000003f        0x0 c:/program files (x86)/microchip/xc32/v2.30/bin/bin/../../lib/gcc/pic32mx/4.8.3/../../../../pic32mx/lib\libpic32.a(defaultinterrupt.o)
 .debug_str     0x0000003f        0x0 c:/program files (x86)/microchip/xc32/v2.30/bin/bin/../../lib/gcc/pic32mx/4.8.3/../../../../pic32mx/lib\libm.a(__strtod.o)
 .debug_str     0x0000003f        0x0 c:/program files (x86)/microchip/xc32/v2.30/bin/bin/../../lib/gcc/pic32mx/4.8.3/../../../../pic32mx/lib\libm.a(__strtof.o)
 .debug_str     0x0000003f        0x0 c:/program files (x86)/microchip/xc32/v2.30/bin/bin/../../lib/gcc/pic32mx/4.8.3/../../../../pic32mx/lib\libe.a(_ldexp.o)
 .debug_str     0x0000003f        0x0 c:/program files (x86)/microchip/xc32/v2.30/bin/bin/../../lib/gcc/pic32mx/4.8.3/../../../../pic32mx/lib\libe.a(_ldexpf.o)
 .debug_str     0x0000003f        0x0 c:/program files (x86)/microchip/xc32/v2.30/bin/bin/../../lib/gcc/pic32mx/4.8.3\libgcc.a(_lshrdi3.o)